Archive member included to satisfy reference by file (symbol)

c:/program files (x86)/atmel/studio/7.0/toolchain/arm/arm-gnu-toolchain/bin/../lib/gcc/arm-none-eabi/6.3.1/thumb/v7-m\libgcc.a(_arm_addsubsf3.o)
                              main.o (__aeabi_ui2f)
c:/program files (x86)/atmel/studio/7.0/toolchain/arm/arm-gnu-toolchain/bin/../lib/gcc/arm-none-eabi/6.3.1/thumb/v7-m\libgcc.a(_arm_muldivsf3.o)
                              main.o (__aeabi_fmul)
c:/program files (x86)/atmel/studio/7.0/toolchain/arm/arm-gnu-toolchain/bin/../lib/gcc/arm-none-eabi/6.3.1/thumb/v7-m\libgcc.a(_arm_fixunssfsi.o)
                              main.o (__aeabi_f2uiz)
c:/program files (x86)/atmel/studio/7.0/toolchain/arm/arm-gnu-toolchain/bin/../lib/gcc/arm-none-eabi/6.3.1/../../../../arm-none-eabi/lib/thumb/v7-m\libc.a(lib_a-exit.o)
                              c:/program files (x86)/atmel/studio/7.0/toolchain/arm/arm-gnu-toolchain/bin/../lib/gcc/arm-none-eabi/6.3.1/../../../../arm-none-eabi/lib/thumb/v7-m/crt0.o (exit)
c:/program files (x86)/atmel/studio/7.0/toolchain/arm/arm-gnu-toolchain/bin/../lib/gcc/arm-none-eabi/6.3.1/../../../../arm-none-eabi/lib/thumb/v7-m\libc.a(lib_a-impure.o)
                              c:/program files (x86)/atmel/studio/7.0/toolchain/arm/arm-gnu-toolchain/bin/../lib/gcc/arm-none-eabi/6.3.1/../../../../arm-none-eabi/lib/thumb/v7-m\libc.a(lib_a-exit.o) (_global_impure_ptr)
c:/program files (x86)/atmel/studio/7.0/toolchain/arm/arm-gnu-toolchain/bin/../lib/gcc/arm-none-eabi/6.3.1/../../../../arm-none-eabi/lib/thumb/v7-m\libc.a(lib_a-init.o)
                              c:/program files (x86)/atmel/studio/7.0/toolchain/arm/arm-gnu-toolchain/bin/../lib/gcc/arm-none-eabi/6.3.1/../../../../arm-none-eabi/lib/thumb/v7-m/crt0.o (__libc_init_array)
c:/program files (x86)/atmel/studio/7.0/toolchain/arm/arm-gnu-toolchain/bin/../lib/gcc/arm-none-eabi/6.3.1/../../../../arm-none-eabi/lib/thumb/v7-m\libc.a(lib_a-memset.o)
                              c:/program files (x86)/atmel/studio/7.0/toolchain/arm/arm-gnu-toolchain/bin/../lib/gcc/arm-none-eabi/6.3.1/../../../../arm-none-eabi/lib/thumb/v7-m/crt0.o (memset)
c:/program files (x86)/atmel/studio/7.0/toolchain/arm/arm-gnu-toolchain/bin/../lib/gcc/arm-none-eabi/6.3.1/../../../../arm-none-eabi/lib/thumb/v7-m\libc.a(lib_a-__call_atexit.o)
                              c:/program files (x86)/atmel/studio/7.0/toolchain/arm/arm-gnu-toolchain/bin/../lib/gcc/arm-none-eabi/6.3.1/../../../../arm-none-eabi/lib/thumb/v7-m\libc.a(lib_a-exit.o) (__call_exitprocs)
c:/program files (x86)/atmel/studio/7.0/toolchain/arm/arm-gnu-toolchain/bin/../lib/gcc/arm-none-eabi/6.3.1/../../../../arm-none-eabi/lib/thumb/v7-m\libc.a(lib_a-atexit.o)
                              c:/program files (x86)/atmel/studio/7.0/toolchain/arm/arm-gnu-toolchain/bin/../lib/gcc/arm-none-eabi/6.3.1/../../../../arm-none-eabi/lib/thumb/v7-m\libc.a(lib_a-__call_atexit.o) (atexit)
c:/program files (x86)/atmel/studio/7.0/toolchain/arm/arm-gnu-toolchain/bin/../lib/gcc/arm-none-eabi/6.3.1/../../../../arm-none-eabi/lib/thumb/v7-m\libc.a(lib_a-fini.o)
                              c:/program files (x86)/atmel/studio/7.0/toolchain/arm/arm-gnu-toolchain/bin/../lib/gcc/arm-none-eabi/6.3.1/../../../../arm-none-eabi/lib/thumb/v7-m\libc.a(lib_a-__call_atexit.o) (__libc_fini_array)
c:/program files (x86)/atmel/studio/7.0/toolchain/arm/arm-gnu-toolchain/bin/../lib/gcc/arm-none-eabi/6.3.1/../../../../arm-none-eabi/lib/thumb/v7-m\libc.a(lib_a-lock.o)
                              c:/program files (x86)/atmel/studio/7.0/toolchain/arm/arm-gnu-toolchain/bin/../lib/gcc/arm-none-eabi/6.3.1/../../../../arm-none-eabi/lib/thumb/v7-m\libc.a(lib_a-__call_atexit.o) (__retarget_lock_acquire_recursive)
c:/program files (x86)/atmel/studio/7.0/toolchain/arm/arm-gnu-toolchain/bin/../lib/gcc/arm-none-eabi/6.3.1/../../../../arm-none-eabi/lib/thumb/v7-m\libc.a(lib_a-__atexit.o)
                              c:/program files (x86)/atmel/studio/7.0/toolchain/arm/arm-gnu-toolchain/bin/../lib/gcc/arm-none-eabi/6.3.1/../../../../arm-none-eabi/lib/thumb/v7-m\libc.a(lib_a-atexit.o) (__register_exitproc)

Allocating common symbols
Common symbol       size              file

__lock___atexit_recursive_mutex
                    0x1               c:/program files (x86)/atmel/studio/7.0/toolchain/arm/arm-gnu-toolchain/bin/../lib/gcc/arm-none-eabi/6.3.1/../../../../arm-none-eabi/lib/thumb/v7-m\libc.a(lib_a-lock.o)
__lock___arc4random_mutex
                    0x1               c:/program files (x86)/atmel/studio/7.0/toolchain/arm/arm-gnu-toolchain/bin/../lib/gcc/arm-none-eabi/6.3.1/../../../../arm-none-eabi/lib/thumb/v7-m\libc.a(lib_a-lock.o)
score_message       0xc               main.o
__lock___env_recursive_mutex
                    0x1               c:/program files (x86)/atmel/studio/7.0/toolchain/arm/arm-gnu-toolchain/bin/../lib/gcc/arm-none-eabi/6.3.1/../../../../arm-none-eabi/lib/thumb/v7-m\libc.a(lib_a-lock.o)
__lock___sinit_recursive_mutex
[...]
Memory Configuration

Name             Origin             Length             Attributes
rom              0x00080000         0x00080000         xr
ram              0x20000000         0x00018000         xrw
*default*        0x00000000         0xffffffff

Linker script and memory map

LOAD c:/program files (x86)/atmel/studio/7.0/toolchain/arm/arm-gnu-toolchain/bin/../lib/gcc/arm-none-eabi/6.3.1/thumb/v7-m/crti.o
LOAD c:/program files (x86)/atmel/studio/7.0/toolchain/arm/arm-gnu-toolchain/bin/../lib/gcc/arm-none-eabi/6.3.1/thumb/v7-m/crtbegin.o
LOAD c:/program files (x86)/atmel/studio/7.0/toolchain/arm/arm-gnu-toolchain/bin/../lib/gcc/arm-none-eabi/6.3.1/../../../../arm-none-eabi/lib/thumb/v7-m/crt0.o
LOAD can_controller.o
LOAD can_interrupt.o
LOAD Device_Startup/startup_sam3xa.o
LOAD Device_Startup/system_sam3xa.o
LOAD main.o
LOAD printf-stdarg.o
LOAD uart.o
START GROUP
LOAD c:/program files (x86)/atmel/studio/7.0/toolchain/arm/arm-gnu-toolchain/bin/../lib/gcc/arm-none-eabi/6.3.1/../../../../arm-none-eabi/lib/thumb/v7-m\libm.a
END GROUP
START GROUP
LOAD c:/program files (x86)/atmel/studio/7.0/toolchain/arm/arm-gnu-toolchain/bin/../lib/gcc/arm-none-eabi/6.3.1/thumb/v7-m\libgcc.a
LOAD c:/program files (x86)/atmel/studio/7.0/toolchain/arm/arm-gnu-toolchain/bin/../lib/gcc/arm-none-eabi/6.3.1/../../../../arm-none-eabi/lib/thumb/v7-m\libc.a
END GROUP
LOAD c:/program files (x86)/atmel/studio/7.0/toolchain/arm/arm-gnu-toolchain/bin/../lib/gcc/arm-none-eabi/6.3.1/thumb/v7-m/crtend.o
LOAD c:/program files (x86)/atmel/studio/7.0/toolchain/arm/arm-gnu-toolchain/bin/../lib/gcc/arm-none-eabi/6.3.1/thumb/v7-m/crtn.o
                0x00000400                STACK_SIZE = DEFINED (STACK_SIZE)?STACK_SIZE:0x400
                0x00000200                HEAP_SIZE = DEFINED (HEAP_SIZE)?HEAP_SIZE:0x200

.text           0x00080000     0x14ec
                0x00080000                . = ALIGN (0x4)
                0x00080000                _sfixed = .
 *(.vectors .vectors.*)
 .vectors       0x00080000       0xf4 Device_Startup/startup_sam3xa.o
                0x00080000                exception_table
 *(.text .text.* .gnu.linkonce.t.*)
 .text          0x000800f4       0x6c c:/program files (x86)/atmel/studio/7.0/toolchain/arm/arm-gnu-toolchain/bin/../lib/gcc/arm-none-eabi/6.3.1/thumb/v7-m/crtbegin.o
 .text.can_init
                0x00080160       0xe4 can_controller.o
                0x00080160                can_init
 .text.can_init_def_tx_rx_mb
                0x00080244       0x10 can_controller.o
                0x00080244                can_init_def_tx_rx_mb
 .text.can_send
                0x00080254       0x8c can_controller.o
                0x00080254                can_send
 .text.can_receive
                0x000802e0       0x84 can_controller.o
                0x000802e0                can_receive
 .text.get_can_br
                0x00080364        0x8 can_controller.o
                0x00080364                get_can_br
 .text.CAN0_Handler
                0x0008036c       0xd4 can_interrupt.o
                0x0008036c                CAN0_Handler
 .text.infrared_interrupt
                0x00080440        0xc can_interrupt.o
                0x00080440                infrared_interrupt
 .text.Dummy_Handler
                0x0008044c        0x2 Device_Startup/startup_sam3xa.o
                0x0008044c                DACC_Handler
                0x0008044c                DebugMon_Handler
                0x0008044c                DMAC_Handler
                0x0008044c                TRNG_Handler
                0x0008044c                HardFault_Handler
                0x0008044c                TC2_Handler
                0x0008044c                SysTick_Handler
                0x0008044c                USART3_Handler
                0x0008044c                TWI1_Handler
                0x0008044c                PendSV_Handler
                0x0008044c                NMI_Handler
                0x0008044c                TC7_Handler
                0x0008044c                ADC_Handler
                0x0008044c                SMC_Handler
                0x0008044c                USART0_Handler
                0x0008044c                RTT_Handler
                0x0008044c                EFC1_Handler
                0x0008044c                PIOB_Handler
                0x0008044c                RTC_Handler
                0x0008044c                UsageFault_Handler
                0x0008044c                TC6_Handler
                0x0008044c                WDT_Handler
                0x0008044c                TC4_Handler
                0x0008044c                TC1_Handler
                0x0008044c                HSMCI_Handler
                0x0008044c                TC3_Handler
                0x0008044c                Dummy_Handler
                0x0008044c                TWI0_Handler
                0x0008044c                USART1_Handler
                0x0008044c                PIOA_Handler
                0x0008044c                SSC_Handler
                0x0008044c                EFC0_Handler
                0x0008044c                PMC_Handler
                0x0008044c                PWM_Handler
                0x0008044c                CAN1_Handler
                0x0008044c                MemManage_Handler
                0x0008044c                SUPC_Handler
                0x0008044c                SVC_Handler
                0x0008044c                TC8_Handler
                0x0008044c                USART2_Handler
                0x0008044c                PIOD_Handler
                0x0008044c                EMAC_Handler
                0x0008044c                BusFault_Handler
                0x0008044c                RSTC_Handler
                0x0008044c                TC0_Handler
                0x0008044c                TC5_Handler
                0x0008044c                UOTGHS_Handler
                0x0008044c                SPI0_Handler
 *fill*         0x0008044e        0x2 
 .text.Reset_Handler
                0x00080450       0x6c Device_Startup/startup_sam3xa.o
                0x00080450                Reset_Handler
 .text.SystemInit
                0x000804bc       0xa4 Device_Startup/system_sam3xa.o
                0x000804bc                SystemInit
 .text.map      0x00080560       0x1c main.o
                0x00080560                map
 .text.pwm_init
                0x0008057c       0x6c main.o
                0x0008057c                pwm_init
 .text.pwm_set_dutycycle
                0x000805e8       0x30 main.o
                0x000805e8                pwm_set_dutycycle
 .text.PID_init
                0x00080618       0x28 main.o
                0x00080618                PID_init
 .text.PID_controller
                0x00080640       0x4c main.o
                0x00080640                PID_controller
 .text.int_servo_init
                0x0008068c       0x58 main.o
                0x0008068c                int_servo_init
 .text.is_game_over
                0x000806e4        0xc main.o
                0x000806e4                is_game_over
 .text.finish_game
                0x000806f0        0xc main.o
                0x000806f0                finish_game
 .text.PIOC_Handler
                0x000806fc       0x34 main.o
                0x000806fc                PIOC_Handler
 .text.start_timer
                0x00080730       0x10 main.o
                0x00080730                start_timer
 .text.read_value_timer
                0x00080740        0xc main.o
                0x00080740                read_value_timer
 .text.delay_us
                0x0008074c       0x10 main.o
                0x0008074c                delay_us
 .text.read_encoder
                0x0008075c       0x50 main.o
                0x0008075c                read_encoder
 .text.reset_encoder
                0x000807ac       0x20 main.o
                0x000807ac                reset_encoder
 .text.motor_init
                0x000807cc       0x58 main.o
                0x000807cc                motor_init
 .text.DAC_init
                0x00080824       0x48 main.o
                0x00080824                DAC_init
 .text.DAC_write
                0x0008086c       0x18 main.o
                0x0008086c                DAC_write
 .text.set_motor_pos
                0x00080884       0x74 main.o
                0x00080884                set_motor_pos
 .text.solenoid_init
                0x000808f8       0x18 main.o
                0x000808f8                solenoid_init
 .text.set_solenoid
                0x00080910       0x10 main.o
                0x00080910                set_solenoid
 .text.clear_solenoid
                0x00080920       0x10 main.o
                0x00080920                clear_solenoid
 .text.play_init
                0x00080930       0x10 main.o
                0x00080930                play_init
 .text.routine  0x00080940       0x54 main.o
                0x00080940                routine
 .text.main     0x00080994       0x88 main.o
                0x00080994                main
 .text.printchar
                0x00080a1c       0x10 printf-stdarg.o
 .text.prints   0x00080a2c       0x84 printf-stdarg.o
 .text.printi   0x00080ab0       0xac printf-stdarg.o
 .text.print    0x00080b5c      0x150 printf-stdarg.o
 .text.printf   0x00080cac       0x24 printf-stdarg.o
                0x00080cac                printf
 .text.configure_uart
                0x00080cd0       0x68 uart.o
                0x00080cd0                configure_uart
 .text.uart_putchar
                0x00080d38       0x24 uart.o
                0x00080d38                uart_putchar
 .text.UART_Handler
                0x00080d5c       0x68 uart.o
                0x00080d5c                UART_Handler
 .text          0x00080dc4      0x21c c:/program files (x86)/atmel/studio/7.0/toolchain/arm/arm-gnu-toolchain/bin/../lib/gcc/arm-none-eabi/6.3.1/thumb/v7-m\libgcc.a(_arm_addsubsf3.o)
                0x00080dc4                __aeabi_frsub
                0x00080dcc                __subsf3
                0x00080dcc                __aeabi_fsub
                0x00080dd0                __aeabi_fadd
                0x00080dd0                __addsf3
                0x00080f30                __aeabi_ui2f
                0x00080f30                __floatunsisf
                0x00080f38                __aeabi_i2f
                0x00080f38                __floatsisf
                0x00080f54                __aeabi_ul2f
                0x00080f54                __floatundisf
                0x00080f64                __aeabi_l2f
                0x00080f64                __floatdisf
 .text          0x00080fe0      0x2a0 c:/program files (x86)/atmel/studio/7.0/toolchain/arm/arm-gnu-toolchain/bin/../lib/gcc/arm-none-eabi/6.3.1/thumb/v7-m\libgcc.a(_arm_muldivsf3.o)
                0x00080fe0                __mulsf3
                0x00080fe0                __aeabi_fmul
                0x00081148                __aeabi_fdiv
                0x00081148                __divsf3
 .text          0x00081280       0x40 c:/program files (x86)/atmel/studio/7.0/toolchain/arm/arm-gnu-toolchain/bin/../lib/gcc/arm-none-eabi/6.3.1/thumb/v7-m\libgcc.a(_arm_fixunssfsi.o)
                0x00081280                __fixunssfsi
                0x00081280                __aeabi_f2uiz
 .text.__libc_init_array
                0x000812c0       0x50 c:/program files (x86)/atmel/studio/7.0/toolchain/arm/arm-gnu-toolchain/bin/../lib/gcc/arm-none-eabi/6.3.1/../../../../arm-none-eabi/lib/thumb/v7-m\libc.a(lib_a-init.o)
                0x000812c0                __libc_init_array
 .text.startup.register_fini
                0x00081310       0x14 c:/program files (x86)/atmel/studio/7.0/toolchain/arm/arm-gnu-toolchain/bin/../lib/gcc/arm-none-eabi/6.3.1/../../../../arm-none-eabi/lib/thumb/v7-m\libc.a(lib_a-__call_atexit.o)
 .text.atexit   0x00081324        0xc c:/program files (x86)/atmel/studio/7.0/toolchain/arm/arm-gnu-toolchain/bin/../lib/gcc/arm-none-eabi/6.3.1/../../../../arm-none-eabi/lib/thumb/v7-m\libc.a(lib_a-atexit.o)
                0x00081324                atexit
 .text.__libc_fini_array
                0x00081330       0x34 c:/program files (x86)/atmel/studio/7.0/toolchain/arm/arm-gnu-toolchain/bin/../lib/gcc/arm-none-eabi/6.3.1/../../../../arm-none-eabi/lib/thumb/v7-m\libc.a(lib_a-fini.o)
                0x00081330                __libc_fini_array
 .text.__retarget_lock_acquire_recursive
                0x00081364        0x4 c:/program files (x86)/atmel/studio/7.0/toolchain/arm/arm-gnu-toolchain/bin/../lib/gcc/arm-none-eabi/6.3.1/../../../../arm-none-eabi/lib/thumb/v7-m\libc.a(lib_a-lock.o)
                0x00081364                __retarget_lock_acquire_recursive
 .text.__retarget_lock_release_recursive
                0x00081368        0x4 c:/program files (x86)/atmel/studio/7.0/toolchain/arm/arm-gnu-toolchain/bin/../lib/gcc/arm-none-eabi/6.3.1/../../../../arm-none-eabi/lib/thumb/v7-m\libc.a(lib_a-lock.o)
                0x00081368                __retarget_lock_release_recursive
 .text.__register_exitproc
                0x0008136c       0xc4 c:/program files (x86)/atmel/studio/7.0/toolchain/arm/arm-gnu-toolchain/bin/../lib/gcc/arm-none-eabi/6.3.1/../../../../arm-none-eabi/lib/thumb/v7-m\libc.a(lib_a-__atexit.o)
                0x0008136c                __register_exitproc
 *(.glue_7t)
 .glue_7t       0x00081430        0x0 linker stubs
 *(.glue_7)
 .glue_7        0x00081430        0x0 linker stubs
 *(.rodata .rodata* .gnu.linkonce.r.*)
 .rodata.str1.4
                0x00081430       0x3d can_interrupt.o
 *fill*         0x0008146d        0x3 
 .rodata.str1.4
                0x00081470       0x2c main.o
 .rodata.str1.4
                0x0008149c        0x7 printf-stdarg.o
 *fill*         0x000814a3        0x1 
 .rodata.str1.4
                0x000814a4       0x20 uart.o
                                 0x1e (size before relaxing)
 .rodata._global_impure_ptr
                0x000814c4        0x4 c:/program files (x86)/atmel/studio/7.0/toolchain/arm/arm-gnu-toolchain/bin/../lib/gcc/arm-none-eabi/6.3.1/../../../../arm-none-eabi/lib/thumb/v7-m\libc.a(lib_a-impure.o)
                0x000814c4                _global_impure_ptr
 *(.ARM.extab* .gnu.linkonce.armextab.*)
                0x000814c8                . = ALIGN (0x4)
 *(.init)
 .init          0x000814c8        0x4 c:/program files (x86)/atmel/studio/7.0/toolchain/arm/arm-gnu-toolchain/bin/../lib/gcc/arm-none-eabi/6.3.1/thumb/v7-m/crti.o
                0x000814c8                _init
 .init          0x000814cc        0x8 c:/program files (x86)/atmel/studio/7.0/toolchain/arm/arm-gnu-toolchain/bin/../lib/gcc/arm-none-eabi/6.3.1/thumb/v7-m/crtn.o
                0x000814d4                . = ALIGN (0x4)
                0x000814d4                __preinit_array_start = .
 *(.preinit_array)
                0x000814d4                __preinit_array_end = .
                0x000814d4                . = ALIGN (0x4)
                0x000814d4                __init_array_start = .
 *(SORT(.init_array.*))
 .init_array.00000
                0x000814d4        0x4 c:/program files (x86)/atmel/studio/7.0/toolchain/arm/arm-gnu-toolchain/bin/../lib/gcc/arm-none-eabi/6.3.1/../../../../arm-none-eabi/lib/thumb/v7-m\libc.a(lib_a-__call_atexit.o)
 *(.init_array)
 .init_array    0x000814d8        0x4 c:/program files (x86)/atmel/studio/7.0/toolchain/arm/arm-gnu-toolchain/bin/../lib/gcc/arm-none-eabi/6.3.1/thumb/v7-m/crtbegin.o
                0x000814dc                __init_array_end = .
                0x000814dc                . = ALIGN (0x4)
 *crtbegin.o(.ctors)
 *(EXCLUDE_FILE(*crtend.o) .ctors)
 *(SORT(.ctors.*))
 *crtend.o(.ctors)
                0x000814dc                . = ALIGN (0x4)
 *(.fini)
 .fini          0x000814dc        0x4 c:/program files (x86)/atmel/studio/7.0/toolchain/arm/arm-gnu-toolchain/bin/../lib/gcc/arm-none-eabi/6.3.1/thumb/v7-m/crti.o
                0x000814dc                _fini
 .fini          0x000814e0        0x8 c:/program files (x86)/atmel/studio/7.0/toolchain/arm/arm-gnu-toolchain/bin/../lib/gcc/arm-none-eabi/6.3.1/thumb/v7-m/crtn.o
                0x000814e8                . = ALIGN (0x4)
                0x000814e8                __fini_array_start = .
 *(.fini_array)
 .fini_array    0x000814e8        0x4 c:/program files (x86)/atmel/studio/7.0/toolchain/arm/arm-gnu-toolchain/bin/../lib/gcc/arm-none-eabi/6.3.1/thumb/v7-m/crtbegin.o
 *(SORT(.fini_array.*))
                0x000814ec                __fini_array_end = .
 *crtbegin.o(.dtors)
 *(EXCLUDE_FILE(*crtend.o) .dtors)
 *(SORT(.dtors.*))
 *crtend.o(.dtors)
                0x000814ec                . = ALIGN (0x4)
                0x000814ec                _efixed = .
                [!provide]                PROVIDE (__exidx_start, .)

.vfp11_veneer   0x000814ec        0x0
 .vfp11_veneer  0x000814ec        0x0 linker stubs

.v4_bx          0x000814ec        0x0
 .v4_bx         0x000814ec        0x0 linker stubs

.iplt           0x000814ec        0x0
 .iplt          0x000814ec        0x0 c:/program files (x86)/atmel/studio/7.0/toolchain/arm/arm-gnu-toolchain/bin/../lib/gcc/arm-none-eabi/6.3.1/thumb/v7-m/crtbegin.o

.eh_frame       0x000814ec        0x0
 .eh_frame      0x000814ec        0x0 c:/program files (x86)/atmel/studio/7.0/toolchain/arm/arm-gnu-toolchain/bin/../lib/gcc/arm-none-eabi/6.3.1/thumb/v7-m/crtbegin.o

.rel.dyn        0x000814ec        0x0
 .rel.iplt      0x000814ec        0x0 c:/program files (x86)/atmel/studio/7.0/toolchain/arm/arm-gnu-toolchain/bin/../lib/gcc/arm-none-eabi/6.3.1/thumb/v7-m/crtbegin.o

.jcr            0x000814ec        0x0
 .jcr           0x000814ec        0x0 c:/program files (x86)/atmel/studio/7.0/toolchain/arm/arm-gnu-toolchain/bin/../lib/gcc/arm-none-eabi/6.3.1/thumb/v7-m/crtbegin.o

.igot.plt       0x000814ec        0x0
 .igot.plt      0x000814ec        0x0 c:/program files (x86)/atmel/studio/7.0/toolchain/arm/arm-gnu-toolchain/bin/../lib/gcc/arm-none-eabi/6.3.1/thumb/v7-m/crtbegin.o

.ARM.exidx
 *(.ARM.exidx* .gnu.linkonce.armexidx.*)
                [!provide]                PROVIDE (__exidx_end, .)
                0x000814ec                . = ALIGN (0x4)
                0x000814ec                _etext = .

.relocate       0x20000000      0x434 load address 0x000814ec
                0x20000000                . = ALIGN (0x4)
                0x20000000                _srelocate = .
 *(.ramfunc .ramfunc.*)
 *(.data .data.*)
 .data          0x20000000        0x4 Device_Startup/system_sam3xa.o
                0x20000000                SystemCoreClock
 *fill*         0x20000004        0x4 
 .data.impure_data
                0x20000008      0x428 c:/program files (x86)/atmel/studio/7.0/toolchain/arm/arm-gnu-toolchain/bin/../lib/gcc/arm-none-eabi/6.3.1/../../../../arm-none-eabi/lib/thumb/v7-m\libc.a(lib_a-impure.o)
 .data.__atexit_recursive_mutex
                0x20000430        0x4 c:/program files (x86)/atmel/studio/7.0/toolchain/arm/arm-gnu-toolchain/bin/../lib/gcc/arm-none-eabi/6.3.1/../../../../arm-none-eabi/lib/thumb/v7-m\libc.a(lib_a-__call_atexit.o)
                0x20000430                __atexit_recursive_mutex
                0x20000434                . = ALIGN (0x4)
                0x20000434                _erelocate = .

.bss            0x20000434       0xbc load address 0x00081920
                0x20000434                . = ALIGN (0x4)
                0x20000434                _sbss = .
                0x20000434                _szero = .
 *(.bss .bss.*)
 .bss           0x20000434       0x1c c:/program files (x86)/atmel/studio/7.0/toolchain/arm/arm-gnu-toolchain/bin/../lib/gcc/arm-none-eabi/6.3.1/thumb/v7-m/crtbegin.o
 .bss           0x20000450        0x1 can_interrupt.o
                0x20000450                playing
 *fill*         0x20000451        0x3 
 .bss           0x20000454       0x1c main.o
                0x20000454                game_over
                0x2000046c                clk_value
 *(COMMON)
 COMMON         0x20000470        0xc can_interrupt.o
                0x20000470                message
 COMMON         0x2000047c        0xc main.o
                0x2000047c                score_message
 COMMON         0x20000488       0x42 uart.o
                0x20000488                rx_buffer
 *fill*         0x200004ca        0x2 
 COMMON         0x200004cc       0x21 c:/program files (x86)/atmel/studio/7.0/toolchain/arm/arm-gnu-toolchain/bin/../lib/gcc/arm-none-eabi/6.3.1/../../../../arm-none-eabi/lib/thumb/v7-m\libc.a(lib_a-lock.o)
                0x200004cc                __lock___atexit_recursive_mutex
                0x200004d0                __lock___arc4random_mutex
                0x200004d4                __lock___env_recursive_mutex
                0x200004d8                __lock___sinit_recursive_mutex
                0x200004dc                __lock___malloc_recursive_mutex
                0x200004e0                __lock___at_quick_exit_mutex
                0x200004e4                __lock___dd_hash_mutex
                0x200004e8                __lock___tz_mutex
                0x200004ec                __lock___sfp_recursive_mutex
                0x200004f0                . = ALIGN (0x4)
 *fill*         0x200004ed        0x3 
                0x200004f0                _ebss = .
                0x200004f0                _ezero = .

.stack          0x200004f0      0x400 load address 0x000819dc
                0x200004f0                . = ALIGN (0x8)
                0x200004f0                _sstack = .
                0x200008f0                . = (. + STACK_SIZE)
 *fill*         0x200004f0      0x400 
                0x200008f0                . = ALIGN (0x8)
                0x200008f0                _estack = .

.heap           0x200008f0      0x200 load address 0x00081ddc
                0x200008f0                . = ALIGN (0x8)
                0x200008f0                _sheap = .
                0x20000af0                . = (. + HEAP_SIZE)
 *fill*         0x200008f0      0x200 
                0x20000af0                . = ALIGN (0x8)
                0x20000af0                _eheap = .
                0x20000af0                . = ALIGN (0x4)
                0x20000af0                _end = .
                0x20017fff                _ram_end_ = ((ORIGIN (ram) + LENGTH (ram)) - 0x1)
OUTPUT(Node_2.elf elf32-littlearm)

.ARM.attributes
                0x00000000       0x29
 .ARM.attributes
                0x00000000       0x1d c:/program files (x86)/atmel/studio/7.0/toolchain/arm/arm-gnu-toolchain/bin/../lib/gcc/arm-none-eabi/6.3.1/thumb/v7-m/crti.o
 .ARM.attributes
                0x0000001d       0x2d c:/program files (x86)/atmel/studio/7.0/toolchain/arm/arm-gnu-toolchain/bin/../lib/gcc/arm-none-eabi/6.3.1/thumb/v7-m/crtbegin.o
 .ARM.attributes
                0x0000004a       0x33 can_controller.o
 .ARM.attributes
                0x0000007d       0x33 can_interrupt.o
 .ARM.attributes
                0x000000b0       0x33 Device_Startup/startup_sam3xa.o
 .ARM.attributes
                0x000000e3       0x33 Device_Startup/system_sam3xa.o
 .ARM.attributes
                0x00000116       0x33 main.o
 .ARM.attributes
                0x00000149       0x33 printf-stdarg.o
 .ARM.attributes
                0x0000017c       0x33 uart.o
 .ARM.attributes
                0x000001af       0x1d c:/program files (x86)/atmel/studio/7.0/toolchain/arm/arm-gnu-toolchain/bin/../lib/gcc/arm-none-eabi/6.3.1/thumb/v7-m\libgcc.a(_arm_addsubsf3.o)
 .ARM.attributes
                0x000001cc       0x1d c:/program files (x86)/atmel/studio/7.0/toolchain/arm/arm-gnu-toolchain/bin/../lib/gcc/arm-none-eabi/6.3.1/thumb/v7-m\libgcc.a(_arm_muldivsf3.o)
 .ARM.attributes
                0x000001e9       0x1d c:/program files (x86)/atmel/studio/7.0/toolchain/arm/arm-gnu-toolchain/bin/../lib/gcc/arm-none-eabi/6.3.1/thumb/v7-m\libgcc.a(_arm_fixunssfsi.o)
 .ARM.attributes
                0x00000206       0x2d c:/program files (x86)/atmel/studio/7.0/toolchain/arm/arm-gnu-toolchain/bin/../lib/gcc/arm-none-eabi/6.3.1/../../../../arm-none-eabi/lib/thumb/v7-m\libc.a(lib_a-impure.o)
 .ARM.attributes
                0x00000233       0x2d c:/program files (x86)/atmel/studio/7.0/toolchain/arm/arm-gnu-toolchain/bin/../lib/gcc/arm-none-eabi/6.3.1/../../../../arm-none-eabi/lib/thumb/v7-m\libc.a(lib_a-init.o)
 .ARM.attributes
                0x00000260       0x2d c:/program files (x86)/atmel/studio/7.0/toolchain/arm/arm-gnu-toolchain/bin/../lib/gcc/arm-none-eabi/6.3.1/../../../../arm-none-eabi/lib/thumb/v7-m\libc.a(lib_a-__call_atexit.o)
 .ARM.attributes
                0x0000028d       0x2d c:/program files (x86)/atmel/studio/7.0/toolchain/arm/arm-gnu-toolchain/bin/../lib/gcc/arm-none-eabi/6.3.1/../../../../arm-none-eabi/lib/thumb/v7-m\libc.a(lib_a-atexit.o)
 .ARM.attributes
                0x000002ba       0x2d c:/program files (x86)/atmel/studio/7.0/toolchain/arm/arm-gnu-toolchain/bin/../lib/gcc/arm-none-eabi/6.3.1/../../../../arm-none-eabi/lib/thumb/v7-m\libc.a(lib_a-fini.o)
 .ARM.attributes
                0x000002e7       0x2d c:/program files (x86)/atmel/studio/7.0/toolchain/arm/arm-gnu-toolchain/bin/../lib/gcc/arm-none-eabi/6.3.1/../../../../arm-none-eabi/lib/thumb/v7-m\libc.a(lib_a-lock.o)
 .ARM.attributes
                0x00000314       0x2d c:/program files (x86)/atmel/studio/7.0/toolchain/arm/arm-gnu-toolchain/bin/../lib/gcc/arm-none-eabi/6.3.1/../../../../arm-none-eabi/lib/thumb/v7-m\libc.a(lib_a-__atexit.o)
 .ARM.attributes
                0x00000341       0x1d c:/program files (x86)/atmel/studio/7.0/toolchain/arm/arm-gnu-toolchain/bin/../lib/gcc/arm-none-eabi/6.3.1/thumb/v7-m/crtn.o

.comment        0x00000000       0x59
 .comment       0x00000000       0x59 can_controller.o
                                 0x5a (size before relaxing)
 .comment       0x00000059       0x5a can_interrupt.o
 .comment       0x00000059       0x5a Device_Startup/startup_sam3xa.o
 .comment       0x00000059       0x5a Device_Startup/system_sam3xa.o
 .comment       0x00000059       0x5a main.o
 .comment       0x00000059       0x5a printf-stdarg.o
 .comment       0x00000059       0x5a uart.o

.debug_info     0x00000000     0x58de
 .debug_info    0x00000000      0xd94 can_controller.o
 .debug_info    0x00000d94     0x111d can_interrupt.o
 .debug_info    0x00001eb1      0x74e Device_Startup/startup_sam3xa.o
 .debug_info    0x000025ff      0x444 Device_Startup/system_sam3xa.o
 .debug_info    0x00002a43     0x1c45 main.o
 .debug_info    0x00004688      0x60b printf-stdarg.o
 .debug_info    0x00004c93      0xc4b uart.o

.debug_abbrev   0x00000000      0xfbf
 .debug_abbrev  0x00000000      0x23b can_controller.o
 .debug_abbrev  0x0000023b      0x328 can_interrupt.o
 .debug_abbrev  0x00000563      0x153 Device_Startup/startup_sam3xa.o
 .debug_abbrev  0x000006b6      0x102 Device_Startup/system_sam3xa.o
 .debug_abbrev  0x000007b8      0x438 main.o
 .debug_abbrev  0x00000bf0      0x194 printf-stdarg.o
 .debug_abbrev  0x00000d84      0x23b uart.o

.debug_loc      0x00000000     0x120f
 .debug_loc     0x00000000      0x2b5 can_controller.o
 .debug_loc     0x000002b5       0xd2 can_interrupt.o
 .debug_loc     0x00000387       0x78 Device_Startup/startup_sam3xa.o
 .debug_loc     0x000003ff      0x470 main.o
 .debug_loc     0x0000086f      0x8d2 printf-stdarg.o
 .debug_loc     0x00001141       0xce uart.o

.debug_aranges  0x00000000      0x230
 .debug_aranges
                0x00000000       0x40 can_controller.o
 .debug_aranges
                0x00000040       0x38 can_interrupt.o
 .debug_aranges
                0x00000078       0x28 Device_Startup/startup_sam3xa.o
 .debug_aranges
                0x000000a0       0x30 Device_Startup/system_sam3xa.o
 .debug_aranges
                0x000000d0       0xd8 main.o
 .debug_aranges
                0x000001a8       0x50 printf-stdarg.o
 .debug_aranges
                0x000001f8       0x38 uart.o

.debug_ranges   0x00000000      0x208
 .debug_ranges  0x00000000       0x30 can_controller.o
 .debug_ranges  0x00000030       0x58 can_interrupt.o
 .debug_ranges  0x00000088       0x18 Device_Startup/startup_sam3xa.o
 .debug_ranges  0x000000a0       0x20 Device_Startup/system_sam3xa.o
 .debug_ranges  0x000000c0       0xc8 main.o
 .debug_ranges  0x00000188       0x58 printf-stdarg.o
 .debug_ranges  0x000001e0       0x28 uart.o

.debug_macro    0x00000000    0x11fb4
 .debug_macro   0x00000000      0x3a3 can_controller.o
 .debug_macro   0x000003a3      0x8b0 can_controller.o
 .debug_macro   0x00000c53       0x22 can_controller.o
 .debug_macro   0x00000c75       0x87 can_controller.o
 .debug_macro   0x00000cfc       0x51 can_controller.o
 .debug_macro   0x00000d4d       0xef can_controller.o
 .debug_macro   0x00000e3c       0x6a can_controller.o
 .debug_macro   0x00000ea6      0x1df can_controller.o
 .debug_macro   0x00001085       0x26 can_controller.o
 .debug_macro   0x000010ab       0x1c can_controller.o
 .debug_macro   0x000010c7       0x22 can_controller.o
 .debug_macro   0x000010e9       0xc3 can_controller.o
 .debug_macro   0x000011ac      0xe49 can_controller.o
 .debug_macro   0x00001ff5      0x11f can_controller.o
 .debug_macro   0x00002114      0xa7d can_controller.o
 .debug_macro   0x00002b91      0x55a can_controller.o
 .debug_macro   0x000030eb      0x1a8 can_controller.o
 .debug_macro   0x00003293      0x30b can_controller.o
 .debug_macro   0x0000359e      0x709 can_controller.o
 .debug_macro   0x00003ca7       0xd6 can_controller.o
 .debug_macro   0x00003d7d      0x56c can_controller.o
 .debug_macro   0x000042e9       0x1c can_controller.o
 .debug_macro   0x00004305      0x678 can_controller.o
 .debug_macro   0x0000497d      0x51e can_controller.o
 .debug_macro   0x00004e9b       0xbe can_controller.o
 .debug_macro   0x00004f59     0x2333 can_controller.o
 .debug_macro   0x0000728c      0x7d1 can_controller.o
 .debug_macro   0x00007a5d      0xdbb can_controller.o
 .debug_macro   0x00008818       0x9a can_controller.o
 .debug_macro   0x000088b2      0x29c can_controller.o
 .debug_macro   0x00008b4e       0x58 can_controller.o
 .debug_macro   0x00008ba6      0x999 can_controller.o
 .debug_macro   0x0000953f      0x22d can_controller.o
 .debug_macro   0x0000976c      0x4b4 can_controller.o
 .debug_macro   0x00009c20      0x64a can_controller.o
 .debug_macro   0x0000a26a      0x590 can_controller.o
 .debug_macro   0x0000a7fa       0x46 can_controller.o
 .debug_macro   0x0000a840      0x33f can_controller.o
 .debug_macro   0x0000ab7f      0x27e can_controller.o
 .debug_macro   0x0000adfd     0x14dc can_controller.o
 .debug_macro   0x0000c2d9      0x7cf can_controller.o
 .debug_macro   0x0000caa8       0x76 can_controller.o
 .debug_macro   0x0000cb1e       0x82 can_controller.o
 .debug_macro   0x0000cba0       0x76 can_controller.o
 .debug_macro   0x0000cc16       0x4c can_controller.o
 .debug_macro   0x0000cc62      0x100 can_controller.o
 .debug_macro   0x0000cd62      0x100 can_controller.o
 .debug_macro   0x0000ce62      0x100 can_controller.o
 .debug_macro   0x0000cf62       0x88 can_controller.o
 .debug_macro   0x0000cfea       0x88 can_controller.o
 .debug_macro   0x0000d072      0x3b4 can_controller.o
 .debug_macro   0x0000d426       0xbe can_controller.o
 .debug_macro   0x0000d4e4       0xbe can_controller.o
 .debug_macro   0x0000d5a2       0xbe can_controller.o
 .debug_macro   0x0000d660       0xbe can_controller.o
 .debug_macro   0x0000d71e      0x2b8 can_controller.o
 .debug_macro   0x0000d9d6      0x118 can_controller.o
 .debug_macro   0x0000daee      0x216 can_controller.o
 .debug_macro   0x0000dd04      0x216 can_controller.o
 .debug_macro   0x0000df1a       0x2e can_controller.o
 .debug_macro   0x0000df48       0xac can_controller.o
 .debug_macro   0x0000dff4      0x13e can_controller.o
 .debug_macro   0x0000e132       0x7c can_controller.o
 .debug_macro   0x0000e1ae      0x1f6 can_controller.o
 .debug_macro   0x0000e3a4       0x64 can_controller.o
 .debug_macro   0x0000e408       0xa6 can_controller.o
 .debug_macro   0x0000e4ae       0x7c can_controller.o
 .debug_macro   0x0000e52a       0x16 can_controller.o
 .debug_macro   0x0000e540       0x22 can_controller.o
 .debug_macro   0x0000e562       0x22 can_controller.o
 .debug_macro   0x0000e584      0x10c can_controller.o
 .debug_macro   0x0000e690      0x10c can_controller.o
 .debug_macro   0x0000e79c      0x10c can_controller.o
 .debug_macro   0x0000e8a8      0x10c can_controller.o
 .debug_macro   0x0000e9b4       0x1c can_controller.o
 .debug_macro   0x0000e9d0       0x2e can_controller.o
 .debug_macro   0x0000e9fe       0x22 can_controller.o
 .debug_macro   0x0000ea20       0x1c can_controller.o
 .debug_macro   0x0000ea3c       0x58 can_controller.o
 .debug_macro   0x0000ea94       0x10 can_controller.o
 .debug_macro   0x0000eaa4      0x27a can_controller.o
 .debug_macro   0x0000ed1e      0xd34 can_controller.o
 .debug_macro   0x0000fa52      0x170 can_controller.o
 .debug_macro   0x0000fbc2      0x4f3 can_interrupt.o
 .debug_macro   0x000100b5       0x58 can_interrupt.o
 .debug_macro   0x0001010d       0x35 can_interrupt.o
 .debug_macro   0x00010142       0x9c can_interrupt.o
 .debug_macro   0x000101de       0x16 can_interrupt.o
 .debug_macro   0x000101f4       0x97 can_interrupt.o
 .debug_macro   0x0001028b      0x353 can_interrupt.o
 .debug_macro   0x000105de       0xf6 can_interrupt.o
 .debug_macro   0x000106d4       0x10 can_interrupt.o
 .debug_macro   0x000106e4       0x58 can_interrupt.o
 .debug_macro   0x0001073c       0x1f can_interrupt.o
 .debug_macro   0x0001075b       0x43 can_interrupt.o
 .debug_macro   0x0001079e       0x20 can_interrupt.o
 .debug_macro   0x000107be      0x187 can_interrupt.o
 .debug_macro   0x00010945       0x10 can_interrupt.o
 .debug_macro   0x00010955       0x1c can_interrupt.o
 .debug_macro   0x00010971       0x52 can_interrupt.o
 .debug_macro   0x000109c3       0x40 can_interrupt.o
 .debug_macro   0x00010a03       0x10 can_interrupt.o
 .debug_macro   0x00010a13       0x40 can_interrupt.o
 .debug_macro   0x00010a53       0xd7 can_interrupt.o
 .debug_macro   0x00010b2a       0x16 can_interrupt.o
 .debug_macro   0x00010b40      0x18b can_interrupt.o
 .debug_macro   0x00010ccb       0xbd can_interrupt.o
 .debug_macro   0x00010d88      0x371 Device_Startup/startup_sam3xa.o
 .debug_macro   0x000110f9       0x20 Device_Startup/startup_sam3xa.o
 .debug_macro   0x00011119      0x383 Device_Startup/system_sam3xa.o
 .debug_macro   0x0001149c      0x506 main.o
 .debug_macro   0x000119a2       0x52 main.o
 .debug_macro   0x000119f4       0x8d main.o
 .debug_macro   0x00011a81       0x57 main.o
 .debug_macro   0x00011ad8       0x22 main.o
 .debug_macro   0x00011afa       0x40 main.o
 .debug_macro   0x00011b3a       0x10 main.o
 .debug_macro   0x00011b4a       0x8e printf-stdarg.o
 .debug_macro   0x00011bd8       0x58 printf-stdarg.o
 .debug_macro   0x00011c30      0x374 uart.o
 .debug_macro   0x00011fa4       0x10 uart.o

.debug_line     0x00000000     0x3570
 .debug_line    0x00000000      0x7ef can_controller.o
 .debug_line    0x000007ef      0x8e6 can_interrupt.o
 .debug_line    0x000010d5      0x728 Device_Startup/startup_sam3xa.o
 .debug_line    0x000017fd      0x785 Device_Startup/system_sam3xa.o
 .debug_line    0x00001f82      0xaba main.o
 .debug_line    0x00002a3c      0x3cb printf-stdarg.o
 .debug_line    0x00002e07      0x769 uart.o

.debug_str      0x00000000    0x5538e
 .debug_str     0x00000000    0x5054c can_controller.o
                              0x50728 (size before relaxing)
 .debug_str     0x0005054c     0x41bb can_interrupt.o
                              0x545c0 (size before relaxing)
 .debug_str     0x00054707      0x535 Device_Startup/startup_sam3xa.o
                              0x504a4 (size before relaxing)
 .debug_str     0x00054c3c      0x195 Device_Startup/system_sam3xa.o
                              0x50237 (size before relaxing)
 .debug_str     0x00054dd1      0x31f main.o
                              0x54a95 (size before relaxing)
 .debug_str     0x000550f0      0x19b printf-stdarg.o
                               0x362a (size before relaxing)
 .debug_str     0x0005528b      0x103 uart.o
                              0x50681 (size before relaxing)

.debug_frame    0x00000000      0x768
 .debug_frame   0x00000000       0x90 can_controller.o
 .debug_frame   0x00000090       0x6c can_interrupt.o
 .debug_frame   0x000000fc       0x38 Device_Startup/startup_sam3xa.o
 .debug_frame   0x00000134       0x40 Device_Startup/system_sam3xa.o
 .debug_frame   0x00000174      0x210 main.o
 .debug_frame   0x00000384      0x124 printf-stdarg.o
 .debug_frame   0x000004a8       0x58 uart.o
 .debug_frame   0x00000500       0x4c c:/program files (x86)/atmel/studio/7.0/toolchain/arm/arm-gnu-toolchain/bin/../lib/gcc/arm-none-eabi/6.3.1/thumb/v7-m\libgcc.a(_arm_addsubsf3.o)
 .debug_frame   0x0000054c       0x38 c:/program files (x86)/atmel/studio/7.0/toolchain/arm/arm-gnu-toolchain/bin/../lib/gcc/arm-none-eabi/6.3.1/thumb/v7-m\libgcc.a(_arm_muldivsf3.o)
 .debug_frame   0x00000584       0x24 c:/program files (x86)/atmel/studio/7.0/toolchain/arm/arm-gnu-toolchain/bin/../lib/gcc/arm-none-eabi/6.3.1/thumb/v7-m\libgcc.a(_arm_fixunssfsi.o)
 .debug_frame   0x000005a8       0x2c c:/program files (x86)/atmel/studio/7.0/toolchain/arm/arm-gnu-toolchain/bin/../lib/gcc/arm-none-eabi/6.3.1/../../../../arm-none-eabi/lib/thumb/v7-m\libc.a(lib_a-init.o)
 .debug_frame   0x000005d4       0x5c c:/program files (x86)/atmel/studio/7.0/toolchain/arm/arm-gnu-toolchain/bin/../lib/gcc/arm-none-eabi/6.3.1/../../../../arm-none-eabi/lib/thumb/v7-m\libc.a(lib_a-__call_atexit.o)
 .debug_frame   0x00000630       0x20 c:/program files (x86)/atmel/studio/7.0/toolchain/arm/arm-gnu-toolchain/bin/../lib/gcc/arm-none-eabi/6.3.1/../../../../arm-none-eabi/lib/thumb/v7-m\libc.a(lib_a-atexit.o)
 .debug_frame   0x00000650       0x34 c:/program files (x86)/atmel/studio/7.0/toolchain/arm/arm-gnu-toolchain/bin/../lib/gcc/arm-none-eabi/6.3.1/../../../../arm-none-eabi/lib/thumb/v7-m\libc.a(lib_a-fini.o)
 .debug_frame   0x00000684       0xb0 c:/program files (x86)/atmel/studio/7.0/toolchain/arm/arm-gnu-toolchain/bin/../lib/gcc/arm-none-eabi/6.3.1/../../../../arm-none-eabi/lib/thumb/v7-m\libc.a(lib_a-lock.o)
 .debug_frame   0x00000734       0x34 c:/program files (x86)/atmel/studio/7.0/toolchain/arm/arm-gnu-toolchain/bin/../lib/gcc/arm-none-eabi/6.3.1/../../../../arm-none-eabi/lib/thumb/v7-m\libc.a(lib_a-__atexit.o)
