Archive member included to satisfy reference by file (symbol)

c:/program files (x86)/atmel/studio/7.0/toolchain/arm/arm-gnu-toolchain/bin/../lib/gcc/arm-none-eabi/6.3.1/../../../../arm-none-eabi/lib/thumb/v7-m\libc.a(lib_a-exit.o)
                              c:/program files (x86)/atmel/studio/7.0/toolchain/arm/arm-gnu-toolchain/bin/../lib/gcc/arm-none-eabi/6.3.1/../../../../arm-none-eabi/lib/thumb/v7-m/crt0.o (exit)
c:/program files (x86)/atmel/studio/7.0/toolchain/arm/arm-gnu-toolchain/bin/../lib/gcc/arm-none-eabi/6.3.1/../../../../arm-none-eabi/lib/thumb/v7-m\libc.a(lib_a-impure.o)
                              c:/program files (x86)/atmel/studio/7.0/toolchain/arm/arm-gnu-toolchain/bin/../lib/gcc/arm-none-eabi/6.3.1/../../../../arm-none-eabi/lib/thumb/v7-m\libc.a(lib_a-exit.o) (_global_impure_ptr)
c:/program files (x86)/atmel/studio/7.0/toolchain/arm/arm-gnu-toolchain/bin/../lib/gcc/arm-none-eabi/6.3.1/../../../../arm-none-eabi/lib/thumb/v7-m\libc.a(lib_a-init.o)
                              c:/program files (x86)/atmel/studio/7.0/toolchain/arm/arm-gnu-toolchain/bin/../lib/gcc/arm-none-eabi/6.3.1/../../../../arm-none-eabi/lib/thumb/v7-m/crt0.o (__libc_init_array)
c:/program files (x86)/atmel/studio/7.0/toolchain/arm/arm-gnu-toolchain/bin/../lib/gcc/arm-none-eabi/6.3.1/../../../../arm-none-eabi/lib/thumb/v7-m\libc.a(lib_a-memset.o)
                              c:/program files (x86)/atmel/studio/7.0/toolchain/arm/arm-gnu-toolchain/bin/../lib/gcc/arm-none-eabi/6.3.1/../../../../arm-none-eabi/lib/thumb/v7-m/crt0.o (memset)
c:/program files (x86)/atmel/studio/7.0/toolchain/arm/arm-gnu-toolchain/bin/../lib/gcc/arm-none-eabi/6.3.1/../../../../arm-none-eabi/lib/thumb/v7-m\libc.a(lib_a-__call_atexit.o)
                              c:/program files (x86)/atmel/studio/7.0/toolchain/arm/arm-gnu-toolchain/bin/../lib/gcc/arm-none-eabi/6.3.1/../../../../arm-none-eabi/lib/thumb/v7-m\libc.a(lib_a-exit.o) (__call_exitprocs)
c:/program files (x86)/atmel/studio/7.0/toolchain/arm/arm-gnu-toolchain/bin/../lib/gcc/arm-none-eabi/6.3.1/../../../../arm-none-eabi/lib/thumb/v7-m\libc.a(lib_a-atexit.o)
                              c:/program files (x86)/atmel/studio/7.0/toolchain/arm/arm-gnu-toolchain/bin/../lib/gcc/arm-none-eabi/6.3.1/../../../../arm-none-eabi/lib/thumb/v7-m\libc.a(lib_a-__call_atexit.o) (atexit)
c:/program files (x86)/atmel/studio/7.0/toolchain/arm/arm-gnu-toolchain/bin/../lib/gcc/arm-none-eabi/6.3.1/../../../../arm-none-eabi/lib/thumb/v7-m\libc.a(lib_a-fini.o)
                              c:/program files (x86)/atmel/studio/7.0/toolchain/arm/arm-gnu-toolchain/bin/../lib/gcc/arm-none-eabi/6.3.1/../../../../arm-none-eabi/lib/thumb/v7-m\libc.a(lib_a-__call_atexit.o) (__libc_fini_array)
c:/program files (x86)/atmel/studio/7.0/toolchain/arm/arm-gnu-toolchain/bin/../lib/gcc/arm-none-eabi/6.3.1/../../../../arm-none-eabi/lib/thumb/v7-m\libc.a(lib_a-lock.o)
                              c:/program files (x86)/atmel/studio/7.0/toolchain/arm/arm-gnu-toolchain/bin/../lib/gcc/arm-none-eabi/6.3.1/../../../../arm-none-eabi/lib/thumb/v7-m\libc.a(lib_a-__call_atexit.o) (__retarget_lock_acquire_recursive)
c:/program files (x86)/atmel/studio/7.0/toolchain/arm/arm-gnu-toolchain/bin/../lib/gcc/arm-none-eabi/6.3.1/../../../../arm-none-eabi/lib/thumb/v7-m\libc.a(lib_a-__atexit.o)
                              c:/program files (x86)/atmel/studio/7.0/toolchain/arm/arm-gnu-toolchain/bin/../lib/gcc/arm-none-eabi/6.3.1/../../../../arm-none-eabi/lib/thumb/v7-m\libc.a(lib_a-atexit.o) (__register_exitproc)

Allocating common symbols
Common symbol       size              file

__lock___atexit_recursive_mutex
                    0x1               c:/program files (x86)/atmel/studio/7.0/toolchain/arm/arm-gnu-toolchain/bin/../lib/gcc/arm-none-eabi/6.3.1/../../../../arm-none-eabi/lib/thumb/v7-m\libc.a(lib_a-lock.o)
__lock___arc4random_mutex
                    0x1               c:/program files (x86)/atmel/studio/7.0/toolchain/arm/arm-gnu-toolchain/bin/../lib/gcc/arm-none-eabi/6.3.1/../../../../arm-none-eabi/lib/thumb/v7-m\libc.a(lib_a-lock.o)
__lock___env_recursive_mutex
                    0x1               c:/program files (x86)/atmel/studio/7.0/toolchain/arm/arm-gnu-toolchain/bin/../lib/gcc/arm-none-eabi/6.3.1/../../../../arm-none-eabi/lib/thumb/v7-m\libc.a(lib_a-lock.o)
__lock___sinit_recursive_mutex
                    0x1               c:/program files (x86)/atmel/studio/7.0/toolchain/arm/arm-gnu-toolchain/bin/../lib/gcc/arm-none-eabi/6.3.1/../../../../arm-none-eabi/lib/thumb/v7-m\libc.a(lib_a-lock.o)
message             0xc               can_interrupt.o
__lock___malloc_recursive_mutex
                    0x1               c:/program files (x86)/atmel/studio/7.0/toolchain/arm/arm-gnu-toolchain/bin/../lib/gcc/arm-none-eabi/6.3.1/../../../../arm-none-eabi/lib/thumb/v7-m\libc.a(lib_a-lock.o)
rx_buffer           0x42              uart.o
__lock___at_quick_exit_mutex
[...]
Memory Configuration

Name             Origin             Length             Attributes
rom              0x00080000         0x00080000         xr
ram              0x20000000         0x00018000         xrw
*default*        0x00000000         0xffffffff

Linker script and memory map

LOAD c:/program files (x86)/atmel/studio/7.0/toolchain/arm/arm-gnu-toolchain/bin/../lib/gcc/arm-none-eabi/6.3.1/thumb/v7-m/crti.o
LOAD c:/program files (x86)/atmel/studio/7.0/toolchain/arm/arm-gnu-toolchain/bin/../lib/gcc/arm-none-eabi/6.3.1/thumb/v7-m/crtbegin.o
LOAD c:/program files (x86)/atmel/studio/7.0/toolchain/arm/arm-gnu-toolchain/bin/../lib/gcc/arm-none-eabi/6.3.1/../../../../arm-none-eabi/lib/thumb/v7-m/crt0.o
LOAD can_controller.o
LOAD can_interrupt.o
LOAD Device_Startup/startup_sam3xa.o
LOAD Device_Startup/system_sam3xa.o
LOAD main.o
LOAD printf-stdarg.o
LOAD uart.o
START GROUP
LOAD c:/program files (x86)/atmel/studio/7.0/toolchain/arm/arm-gnu-toolchain/bin/../lib/gcc/arm-none-eabi/6.3.1/../../../../arm-none-eabi/lib/thumb/v7-m\libm.a
END GROUP
START GROUP
LOAD c:/program files (x86)/atmel/studio/7.0/toolchain/arm/arm-gnu-toolchain/bin/../lib/gcc/arm-none-eabi/6.3.1/thumb/v7-m\libgcc.a
LOAD c:/program files (x86)/atmel/studio/7.0/toolchain/arm/arm-gnu-toolchain/bin/../lib/gcc/arm-none-eabi/6.3.1/../../../../arm-none-eabi/lib/thumb/v7-m\libc.a
END GROUP
LOAD c:/program files (x86)/atmel/studio/7.0/toolchain/arm/arm-gnu-toolchain/bin/../lib/gcc/arm-none-eabi/6.3.1/thumb/v7-m/crtend.o
LOAD c:/program files (x86)/atmel/studio/7.0/toolchain/arm/arm-gnu-toolchain/bin/../lib/gcc/arm-none-eabi/6.3.1/thumb/v7-m/crtn.o
                0x00000400                STACK_SIZE = DEFINED (STACK_SIZE)?STACK_SIZE:0x400
                0x00000200                HEAP_SIZE = DEFINED (HEAP_SIZE)?HEAP_SIZE:0x200

.text           0x00080000      0xe7c
                0x00080000                . = ALIGN (0x4)
                0x00080000                _sfixed = .
 *(.vectors .vectors.*)
 .vectors       0x00080000       0xf4 Device_Startup/startup_sam3xa.o
                0x00080000                exception_table
 *(.text .text.* .gnu.linkonce.t.*)
 .text          0x000800f4       0x6c c:/program files (x86)/atmel/studio/7.0/toolchain/arm/arm-gnu-toolchain/bin/../lib/gcc/arm-none-eabi/6.3.1/thumb/v7-m/crtbegin.o
 .text.can_init
                0x00080160       0xe4 can_controller.o
                0x00080160                can_init
 .text.can_init_def_tx_rx_mb
                0x00080244       0x10 can_controller.o
                0x00080244                can_init_def_tx_rx_mb
 .text.can_send
                0x00080254       0x8c can_controller.o
                0x00080254                can_send
 .text.can_receive
                0x000802e0       0x84 can_controller.o
                0x000802e0                can_receive
 .text.get_can_br
                0x00080364        0x8 can_controller.o
                0x00080364                get_can_br
 .text.CAN0_Handler
                0x0008036c       0xcc can_interrupt.o
                0x0008036c                CAN0_Handler
 .text.Dummy_Handler
                0x00080438        0x2 Device_Startup/startup_sam3xa.o
                0x00080438                DACC_Handler
                0x00080438                DebugMon_Handler
                0x00080438                DMAC_Handler
                0x00080438                TRNG_Handler
                0x00080438                HardFault_Handler
                0x00080438                TC2_Handler
                0x00080438                SysTick_Handler
                0x00080438                USART3_Handler
                0x00080438                TWI1_Handler
                0x00080438                PendSV_Handler
                0x00080438                NMI_Handler
                0x00080438                TC7_Handler
                0x00080438                ADC_Handler
                0x00080438                SMC_Handler
                0x00080438                USART0_Handler
                0x00080438                RTT_Handler
                0x00080438                EFC1_Handler
                0x00080438                PIOB_Handler
                0x00080438                RTC_Handler
                0x00080438                UsageFault_Handler
                0x00080438                TC6_Handler
                0x00080438                WDT_Handler
                0x00080438                TC4_Handler
                0x00080438                TC1_Handler
                0x00080438                HSMCI_Handler
                0x00080438                TC3_Handler
                0x00080438                Dummy_Handler
                0x00080438                TWI0_Handler
                0x00080438                USART1_Handler
                0x00080438                PIOA_Handler
                0x00080438                SSC_Handler
                0x00080438                EFC0_Handler
                0x00080438                PMC_Handler
                0x00080438                PWM_Handler
                0x00080438                CAN1_Handler
                0x00080438                MemManage_Handler
                0x00080438                SUPC_Handler
                0x00080438                SVC_Handler
                0x00080438                TC8_Handler
                0x00080438                USART2_Handler
                0x00080438                PIOD_Handler
                0x00080438                EMAC_Handler
                0x00080438                BusFault_Handler
                0x00080438                RSTC_Handler
                0x00080438                TC0_Handler
                0x00080438                TC5_Handler
                0x00080438                UOTGHS_Handler
                0x00080438                SPI0_Handler
 *fill*         0x0008043a        0x2 
 .text.Reset_Handler
                0x0008043c       0x6c Device_Startup/startup_sam3xa.o
                0x0008043c                Reset_Handler
 .text.SystemInit
                0x000804a8       0xa4 Device_Startup/system_sam3xa.o
                0x000804a8                SystemInit
 .text.map      0x0008054c       0x1c main.o
                0x0008054c                map
 .text.pwn_init
                0x00080568       0x6c main.o
                0x00080568                pwn_init
 .text.pwm_set_dutycycle
                0x000805d4       0x30 main.o
                0x000805d4                pwm_set_dutycycle
 .text.motor_init
                0x00080604       0x18 main.o
                0x00080604                motor_init
 .text.servo_init
                0x0008061c       0x58 main.o
                0x0008061c                servo_init
 .text.game_is_over
                0x00080674        0xc main.o
                0x00080674                game_is_over
 .text.PIOC_Handler
                0x00080680       0x2c main.o
                0x00080680                PIOC_Handler
 .text.start_timer
                0x000806ac       0x10 main.o
                0x000806ac                start_timer
 .text.reset_timer
                0x000806bc       0x18 main.o
                0x000806bc                reset_timer
 .text.read_value_timer
                0x000806d4        0xc main.o
                0x000806d4                read_value_timer
 .text.DAC_write
                0x000806e0       0x10 main.o
                0x000806e0                DAC_write
 .text.DAC_init
                0x000806f0       0x50 main.o
                0x000806f0                DAC_init
 .text.main     0x00080740       0xb0 main.o
                0x00080740                main
 .text.printchar
                0x000807f0       0x10 printf-stdarg.o
 .text.prints   0x00080800       0x84 printf-stdarg.o
 .text.printi   0x00080884       0xac printf-stdarg.o
 .text.print    0x00080930      0x150 printf-stdarg.o
 .text.printf   0x00080a80       0x24 printf-stdarg.o
                0x00080a80                printf
 .text.configure_uart
                0x00080aa4       0x68 uart.o
                0x00080aa4                configure_uart
 .text.uart_putchar
                0x00080b0c       0x24 uart.o
                0x00080b0c                uart_putchar
 .text.UART_Handler
                0x00080b30       0x68 uart.o
                0x00080b30                UART_Handler
 .text.__libc_init_array
                0x00080b98       0x50 c:/program files (x86)/atmel/studio/7.0/toolchain/arm/arm-gnu-toolchain/bin/../lib/gcc/arm-none-eabi/6.3.1/../../../../arm-none-eabi/lib/thumb/v7-m\libc.a(lib_a-init.o)
                0x00080b98                __libc_init_array
 .text.startup.register_fini
                0x00080be8       0x14 c:/program files (x86)/atmel/studio/7.0/toolchain/arm/arm-gnu-toolchain/bin/../lib/gcc/arm-none-eabi/6.3.1/../../../../arm-none-eabi/lib/thumb/v7-m\libc.a(lib_a-__call_atexit.o)
 .text.atexit   0x00080bfc        0xc c:/program files (x86)/atmel/studio/7.0/toolchain/arm/arm-gnu-toolchain/bin/../lib/gcc/arm-none-eabi/6.3.1/../../../../arm-none-eabi/lib/thumb/v7-m\libc.a(lib_a-atexit.o)
                0x00080bfc                atexit
 .text.__libc_fini_array
                0x00080c08       0x34 c:/program files (x86)/atmel/studio/7.0/toolchain/arm/arm-gnu-toolchain/bin/../lib/gcc/arm-none-eabi/6.3.1/../../../../arm-none-eabi/lib/thumb/v7-m\libc.a(lib_a-fini.o)
                0x00080c08                __libc_fini_array
 .text.__retarget_lock_acquire_recursive
                0x00080c3c        0x4 c:/program files (x86)/atmel/studio/7.0/toolchain/arm/arm-gnu-toolchain/bin/../lib/gcc/arm-none-eabi/6.3.1/../../../../arm-none-eabi/lib/thumb/v7-m\libc.a(lib_a-lock.o)
                0x00080c3c                __retarget_lock_acquire_recursive
 .text.__retarget_lock_release_recursive
                0x00080c40        0x4 c:/program files (x86)/atmel/studio/7.0/toolchain/arm/arm-gnu-toolchain/bin/../lib/gcc/arm-none-eabi/6.3.1/../../../../arm-none-eabi/lib/thumb/v7-m\libc.a(lib_a-lock.o)
                0x00080c40                __retarget_lock_release_recursive
 .text.__register_exitproc
                0x00080c44       0xc4 c:/program files (x86)/atmel/studio/7.0/toolchain/arm/arm-gnu-toolchain/bin/../lib/gcc/arm-none-eabi/6.3.1/../../../../arm-none-eabi/lib/thumb/v7-m\libc.a(lib_a-__atexit.o)
                0x00080c44                __register_exitproc
 *(.glue_7t)
 .glue_7t       0x00080d08        0x0 linker stubs
 *(.glue_7)
 .glue_7        0x00080d08        0x0 linker stubs
 *(.rodata .rodata* .gnu.linkonce.r.*)
 .rodata.str1.4
                0x00080d08       0x8e can_interrupt.o
                                 0x92 (size before relaxing)
 *fill*         0x00080d96        0x2 
 .rodata.str1.4
                0x00080d98       0x94 main.o
 .rodata.str1.4
                0x00080e2c        0x7 printf-stdarg.o
 *fill*         0x00080e33        0x1 
 .rodata.str1.4
                0x00080e34       0x20 uart.o
                                 0x1e (size before relaxing)
 .rodata._global_impure_ptr
                0x00080e54        0x4 c:/program files (x86)/atmel/studio/7.0/toolchain/arm/arm-gnu-toolchain/bin/../lib/gcc/arm-none-eabi/6.3.1/../../../../arm-none-eabi/lib/thumb/v7-m\libc.a(lib_a-impure.o)
                0x00080e54                _global_impure_ptr
 *(.ARM.extab* .gnu.linkonce.armextab.*)
                0x00080e58                . = ALIGN (0x4)
 *(.init)
 .init          0x00080e58        0x4 c:/program files (x86)/atmel/studio/7.0/toolchain/arm/arm-gnu-toolchain/bin/../lib/gcc/arm-none-eabi/6.3.1/thumb/v7-m/crti.o
                0x00080e58                _init
 .init          0x00080e5c        0x8 c:/program files (x86)/atmel/studio/7.0/toolchain/arm/arm-gnu-toolchain/bin/../lib/gcc/arm-none-eabi/6.3.1/thumb/v7-m/crtn.o
                0x00080e64                . = ALIGN (0x4)
                0x00080e64                __preinit_array_start = .
 *(.preinit_array)
                0x00080e64                __preinit_array_end = .
                0x00080e64                . = ALIGN (0x4)
                0x00080e64                __init_array_start = .
 *(SORT(.init_array.*))
 .init_array.00000
                0x00080e64        0x4 c:/program files (x86)/atmel/studio/7.0/toolchain/arm/arm-gnu-toolchain/bin/../lib/gcc/arm-none-eabi/6.3.1/../../../../arm-none-eabi/lib/thumb/v7-m\libc.a(lib_a-__call_atexit.o)
 *(.init_array)
 .init_array    0x00080e68        0x4 c:/program files (x86)/atmel/studio/7.0/toolchain/arm/arm-gnu-toolchain/bin/../lib/gcc/arm-none-eabi/6.3.1/thumb/v7-m/crtbegin.o
                0x00080e6c                __init_array_end = .
                0x00080e6c                . = ALIGN (0x4)
 *crtbegin.o(.ctors)
 *(EXCLUDE_FILE(*crtend.o) .ctors)
 *(SORT(.ctors.*))
 *crtend.o(.ctors)
                0x00080e6c                . = ALIGN (0x4)
 *(.fini)
 .fini          0x00080e6c        0x4 c:/program files (x86)/atmel/studio/7.0/toolchain/arm/arm-gnu-toolchain/bin/../lib/gcc/arm-none-eabi/6.3.1/thumb/v7-m/crti.o
                0x00080e6c                _fini
 .fini          0x00080e70        0x8 c:/program files (x86)/atmel/studio/7.0/toolchain/arm/arm-gnu-toolchain/bin/../lib/gcc/arm-none-eabi/6.3.1/thumb/v7-m/crtn.o
                0x00080e78                . = ALIGN (0x4)
                0x00080e78                __fini_array_start = .
 *(.fini_array)
 .fini_array    0x00080e78        0x4 c:/program files (x86)/atmel/studio/7.0/toolchain/arm/arm-gnu-toolchain/bin/../lib/gcc/arm-none-eabi/6.3.1/thumb/v7-m/crtbegin.o
 *(SORT(.fini_array.*))
                0x00080e7c                __fini_array_end = .
 *crtbegin.o(.dtors)
 *(EXCLUDE_FILE(*crtend.o) .dtors)
 *(SORT(.dtors.*))
 *crtend.o(.dtors)
                0x00080e7c                . = ALIGN (0x4)
                0x00080e7c                _efixed = .
                [!provide]                PROVIDE (__exidx_start, .)

.vfp11_veneer   0x00080e7c        0x0
 .vfp11_veneer  0x00080e7c        0x0 linker stubs

.v4_bx          0x00080e7c        0x0
 .v4_bx         0x00080e7c        0x0 linker stubs

.iplt           0x00080e7c        0x0
 .iplt          0x00080e7c        0x0 c:/program files (x86)/atmel/studio/7.0/toolchain/arm/arm-gnu-toolchain/bin/../lib/gcc/arm-none-eabi/6.3.1/thumb/v7-m/crtbegin.o

.eh_frame       0x00080e7c        0x0
 .eh_frame      0x00080e7c        0x0 c:/program files (x86)/atmel/studio/7.0/toolchain/arm/arm-gnu-toolchain/bin/../lib/gcc/arm-none-eabi/6.3.1/thumb/v7-m/crtbegin.o

.rel.dyn        0x00080e7c        0x0
 .rel.iplt      0x00080e7c        0x0 c:/program files (x86)/atmel/studio/7.0/toolchain/arm/arm-gnu-toolchain/bin/../lib/gcc/arm-none-eabi/6.3.1/thumb/v7-m/crtbegin.o

.jcr            0x00080e7c        0x0
 .jcr           0x00080e7c        0x0 c:/program files (x86)/atmel/studio/7.0/toolchain/arm/arm-gnu-toolchain/bin/../lib/gcc/arm-none-eabi/6.3.1/thumb/v7-m/crtbegin.o

.igot.plt       0x00080e7c        0x0
 .igot.plt      0x00080e7c        0x0 c:/program files (x86)/atmel/studio/7.0/toolchain/arm/arm-gnu-toolchain/bin/../lib/gcc/arm-none-eabi/6.3.1/thumb/v7-m/crtbegin.o

.ARM.exidx
 *(.ARM.exidx* .gnu.linkonce.armexidx.*)
                [!provide]                PROVIDE (__exidx_end, .)
                0x00080e7c                . = ALIGN (0x4)
                0x00080e7c                _etext = .

.relocate       0x20000000      0x434 load address 0x00080e7c
                0x20000000                . = ALIGN (0x4)
                0x20000000                _srelocate = .
 *(.ramfunc .ramfunc.*)
 *(.data .data.*)
 .data          0x20000000        0x4 Device_Startup/system_sam3xa.o
                0x20000000                SystemCoreClock
 .data          0x20000004        0x1 main.o
                0x20000004                start_game
 *fill*         0x20000005        0x3 
 .data.impure_data
                0x20000008      0x428 c:/program files (x86)/atmel/studio/7.0/toolchain/arm/arm-gnu-toolchain/bin/../lib/gcc/arm-none-eabi/6.3.1/../../../../arm-none-eabi/lib/thumb/v7-m\libc.a(lib_a-impure.o)
 .data.__atexit_recursive_mutex
                0x20000430        0x4 c:/program files (x86)/atmel/studio/7.0/toolchain/arm/arm-gnu-toolchain/bin/../lib/gcc/arm-none-eabi/6.3.1/../../../../arm-none-eabi/lib/thumb/v7-m\libc.a(lib_a-__call_atexit.o)
                0x20000430                __atexit_recursive_mutex
                0x20000434                . = ALIGN (0x4)
                0x20000434                _erelocate = .

.bss            0x20000434       0x98 load address 0x000812b0
                0x20000434                . = ALIGN (0x4)
                0x20000434                _sbss = .
                0x20000434                _szero = .
 *(.bss .bss.*)
 .bss           0x20000434       0x1c c:/program files (x86)/atmel/studio/7.0/toolchain/arm/arm-gnu-toolchain/bin/../lib/gcc/arm-none-eabi/6.3.1/thumb/v7-m/crtbegin.o
 .bss           0x20000450        0x8 main.o
                0x20000450                game_over
                0x20000454                clk_value
 *(COMMON)
 COMMON         0x20000458        0xc can_interrupt.o
                0x20000458                message
 COMMON         0x20000464       0x42 uart.o
                0x20000464                rx_buffer
 *fill*         0x200004a6        0x2 
 COMMON         0x200004a8       0x21 c:/program files (x86)/atmel/studio/7.0/toolchain/arm/arm-gnu-toolchain/bin/../lib/gcc/arm-none-eabi/6.3.1/../../../../arm-none-eabi/lib/thumb/v7-m\libc.a(lib_a-lock.o)
                0x200004a8                __lock___atexit_recursive_mutex
                0x200004ac                __lock___arc4random_mutex
                0x200004b0                __lock___env_recursive_mutex
                0x200004b4                __lock___sinit_recursive_mutex
                0x200004b8                __lock___malloc_recursive_mutex
                0x200004bc                __lock___at_quick_exit_mutex
                0x200004c0                __lock___dd_hash_mutex
                0x200004c4                __lock___tz_mutex
                0x200004c8                __lock___sfp_recursive_mutex
                0x200004cc                . = ALIGN (0x4)
 *fill*         0x200004c9        0x3 
                0x200004cc                _ebss = .
                0x200004cc                _ezero = .

.stack          0x200004cc      0x404 load address 0x00081348
                0x200004d0                . = ALIGN (0x8)
 *fill*         0x200004cc        0x4 
                0x200004d0                _sstack = .
                0x200008d0                . = (. + STACK_SIZE)
 *fill*         0x200004d0      0x400 
                0x200008d0                . = ALIGN (0x8)
                0x200008d0                _estack = .

.heap           0x200008d0      0x200 load address 0x0008174c
                0x200008d0                . = ALIGN (0x8)
                0x200008d0                _sheap = .
                0x20000ad0                . = (. + HEAP_SIZE)
 *fill*         0x200008d0      0x200 
                0x20000ad0                . = ALIGN (0x8)
                0x20000ad0                _eheap = .
                0x20000ad0                . = ALIGN (0x4)
                0x20000ad0                _end = .
                0x20017fff                _ram_end_ = ((ORIGIN (ram) + LENGTH (ram)) - 0x1)
OUTPUT(Node_2.elf elf32-littlearm)

.ARM.attributes
                0x00000000       0x29
 .ARM.attributes
                0x00000000       0x1d c:/program files (x86)/atmel/studio/7.0/toolchain/arm/arm-gnu-toolchain/bin/../lib/gcc/arm-none-eabi/6.3.1/thumb/v7-m/crti.o
 .ARM.attributes
                0x0000001d       0x2d c:/program files (x86)/atmel/studio/7.0/toolchain/arm/arm-gnu-toolchain/bin/../lib/gcc/arm-none-eabi/6.3.1/thumb/v7-m/crtbegin.o
 .ARM.attributes
                0x0000004a       0x33 can_controller.o
 .ARM.attributes
                0x0000007d       0x33 can_interrupt.o
 .ARM.attributes
                0x000000b0       0x33 Device_Startup/startup_sam3xa.o
 .ARM.attributes
                0x000000e3       0x33 Device_Startup/system_sam3xa.o
 .ARM.attributes
                0x00000116       0x33 main.o
 .ARM.attributes
                0x00000149       0x33 printf-stdarg.o
 .ARM.attributes
                0x0000017c       0x33 uart.o
 .ARM.attributes
                0x000001af       0x2d c:/program files (x86)/atmel/studio/7.0/toolchain/arm/arm-gnu-toolchain/bin/../lib/gcc/arm-none-eabi/6.3.1/../../../../arm-none-eabi/lib/thumb/v7-m\libc.a(lib_a-impure.o)
 .ARM.attributes
                0x000001dc       0x2d c:/program files (x86)/atmel/studio/7.0/toolchain/arm/arm-gnu-toolchain/bin/../lib/gcc/arm-none-eabi/6.3.1/../../../../arm-none-eabi/lib/thumb/v7-m\libc.a(lib_a-init.o)
 .ARM.attributes
                0x00000209       0x2d c:/program files (x86)/atmel/studio/7.0/toolchain/arm/arm-gnu-toolchain/bin/../lib/gcc/arm-none-eabi/6.3.1/../../../../arm-none-eabi/lib/thumb/v7-m\libc.a(lib_a-__call_atexit.o)
 .ARM.attributes
                0x00000236       0x2d c:/program files (x86)/atmel/studio/7.0/toolchain/arm/arm-gnu-toolchain/bin/../lib/gcc/arm-none-eabi/6.3.1/../../../../arm-none-eabi/lib/thumb/v7-m\libc.a(lib_a-atexit.o)
 .ARM.attributes
                0x00000263       0x2d c:/program files (x86)/atmel/studio/7.0/toolchain/arm/arm-gnu-toolchain/bin/../lib/gcc/arm-none-eabi/6.3.1/../../../../arm-none-eabi/lib/thumb/v7-m\libc.a(lib_a-fini.o)
 .ARM.attributes
                0x00000290       0x2d c:/program files (x86)/atmel/studio/7.0/toolchain/arm/arm-gnu-toolchain/bin/../lib/gcc/arm-none-eabi/6.3.1/../../../../arm-none-eabi/lib/thumb/v7-m\libc.a(lib_a-lock.o)
 .ARM.attributes
                0x000002bd       0x2d c:/program files (x86)/atmel/studio/7.0/toolchain/arm/arm-gnu-toolchain/bin/../lib/gcc/arm-none-eabi/6.3.1/../../../../arm-none-eabi/lib/thumb/v7-m\libc.a(lib_a-__atexit.o)
 .ARM.attributes
                0x000002ea       0x1d c:/program files (x86)/atmel/studio/7.0/toolchain/arm/arm-gnu-toolchain/bin/../lib/gcc/arm-none-eabi/6.3.1/thumb/v7-m/crtn.o

.comment        0x00000000       0x59
 .comment       0x00000000       0x59 can_controller.o
                                 0x5a (size before relaxing)
 .comment       0x00000059       0x5a can_interrupt.o
 .comment       0x00000059       0x5a Device_Startup/startup_sam3xa.o
 .comment       0x00000059       0x5a Device_Startup/system_sam3xa.o
 .comment       0x00000059       0x5a main.o
 .comment       0x00000059       0x5a printf-stdarg.o
 .comment       0x00000059       0x5a uart.o

.debug_info     0x00000000     0x551f
 .debug_info    0x00000000      0xd94 can_controller.o
 .debug_info    0x00000d94     0x1080 can_interrupt.o
 .debug_info    0x00001e14      0x74e Device_Startup/startup_sam3xa.o
 .debug_info    0x00002562      0x444 Device_Startup/system_sam3xa.o
 .debug_info    0x000029a6     0x1923 main.o
 .debug_info    0x000042c9      0x60b printf-stdarg.o
 .debug_info    0x000048d4      0xc4b uart.o

.debug_abbrev   0x00000000      0xf2b
 .debug_abbrev  0x00000000      0x23b can_controller.o
 .debug_abbrev  0x0000023b      0x2ef can_interrupt.o
 .debug_abbrev  0x0000052a      0x153 Device_Startup/startup_sam3xa.o
 .debug_abbrev  0x0000067d      0x102 Device_Startup/system_sam3xa.o
 .debug_abbrev  0x0000077f      0x3dd main.o
 .debug_abbrev  0x00000b5c      0x194 printf-stdarg.o
 .debug_abbrev  0x00000cf0      0x23b uart.o

.debug_loc      0x00000000      0xf7d
 .debug_loc     0x00000000      0x2b5 can_controller.o
 .debug_loc     0x000002b5       0x9f can_interrupt.o
 .debug_loc     0x00000354       0x78 Device_Startup/startup_sam3xa.o
 .debug_loc     0x000003cc      0x211 main.o
 .debug_loc     0x000005dd      0x8d2 printf-stdarg.o
 .debug_loc     0x00000eaf       0xce uart.o

.debug_aranges  0x00000000      0x1d0
 .debug_aranges
                0x00000000       0x40 can_controller.o
 .debug_aranges
                0x00000040       0x28 can_interrupt.o
 .debug_aranges
                0x00000068       0x28 Device_Startup/startup_sam3xa.o
 .debug_aranges
                0x00000090       0x30 Device_Startup/system_sam3xa.o
 .debug_aranges
                0x000000c0       0x88 main.o
 .debug_aranges
                0x00000148       0x50 printf-stdarg.o
 .debug_aranges
                0x00000198       0x38 uart.o

.debug_ranges   0x00000000      0x190
 .debug_ranges  0x00000000       0x30 can_controller.o
 .debug_ranges  0x00000030       0x30 can_interrupt.o
 .debug_ranges  0x00000060       0x18 Device_Startup/startup_sam3xa.o
 .debug_ranges  0x00000078       0x20 Device_Startup/system_sam3xa.o
 .debug_ranges  0x00000098       0x78 main.o
 .debug_ranges  0x00000110       0x58 printf-stdarg.o
 .debug_ranges  0x00000168       0x28 uart.o

.debug_macro    0x00000000    0x11f19
 .debug_macro   0x00000000      0x3a3 can_controller.o
 .debug_macro   0x000003a3      0x8b0 can_controller.o
 .debug_macro   0x00000c53       0x22 can_controller.o
 .debug_macro   0x00000c75       0x87 can_controller.o
 .debug_macro   0x00000cfc       0x51 can_controller.o
 .debug_macro   0x00000d4d       0xef can_controller.o
 .debug_macro   0x00000e3c       0x6a can_controller.o
 .debug_macro   0x00000ea6      0x1df can_controller.o
 .debug_macro   0x00001085       0x26 can_controller.o
 .debug_macro   0x000010ab       0x1c can_controller.o
 .debug_macro   0x000010c7       0x22 can_controller.o
 .debug_macro   0x000010e9       0xc3 can_controller.o
 .debug_macro   0x000011ac      0xe49 can_controller.o
 .debug_macro   0x00001ff5      0x11f can_controller.o
 .debug_macro   0x00002114      0xa7d can_controller.o
 .debug_macro   0x00002b91      0x55a can_controller.o
 .debug_macro   0x000030eb      0x1a8 can_controller.o
 .debug_macro   0x00003293      0x30b can_controller.o
 .debug_macro   0x0000359e      0x709 can_controller.o
 .debug_macro   0x00003ca7       0xd6 can_controller.o
 .debug_macro   0x00003d7d      0x56c can_controller.o
 .debug_macro   0x000042e9       0x1c can_controller.o
 .debug_macro   0x00004305      0x678 can_controller.o
 .debug_macro   0x0000497d      0x51e can_controller.o
 .debug_macro   0x00004e9b       0xbe can_controller.o
 .debug_macro   0x00004f59     0x2333 can_controller.o
 .debug_macro   0x0000728c      0x7d1 can_controller.o
 .debug_macro   0x00007a5d      0xdbb can_controller.o
 .debug_macro   0x00008818       0x9a can_controller.o
 .debug_macro   0x000088b2      0x29c can_controller.o
 .debug_macro   0x00008b4e       0x58 can_controller.o
 .debug_macro   0x00008ba6      0x999 can_controller.o
 .debug_macro   0x0000953f      0x22d can_controller.o
 .debug_macro   0x0000976c      0x4b4 can_controller.o
 .debug_macro   0x00009c20      0x64a can_controller.o
 .debug_macro   0x0000a26a      0x590 can_controller.o
 .debug_macro   0x0000a7fa       0x46 can_controller.o
 .debug_macro   0x0000a840      0x33f can_controller.o
 .debug_macro   0x0000ab7f      0x27e can_controller.o
 .debug_macro   0x0000adfd     0x14dc can_controller.o
 .debug_macro   0x0000c2d9      0x7cf can_controller.o
 .debug_macro   0x0000caa8       0x76 can_controller.o
 .debug_macro   0x0000cb1e       0x82 can_controller.o
 .debug_macro   0x0000cba0       0x76 can_controller.o
 .debug_macro   0x0000cc16       0x4c can_controller.o
 .debug_macro   0x0000cc62      0x100 can_controller.o
 .debug_macro   0x0000cd62      0x100 can_controller.o
 .debug_macro   0x0000ce62      0x100 can_controller.o
 .debug_macro   0x0000cf62       0x88 can_controller.o
 .debug_macro   0x0000cfea       0x88 can_controller.o
 .debug_macro   0x0000d072      0x3b4 can_controller.o
 .debug_macro   0x0000d426       0xbe can_controller.o
 .debug_macro   0x0000d4e4       0xbe can_controller.o
 .debug_macro   0x0000d5a2       0xbe can_controller.o
 .debug_macro   0x0000d660       0xbe can_controller.o
 .debug_macro   0x0000d71e      0x2b8 can_controller.o
 .debug_macro   0x0000d9d6      0x118 can_controller.o
 .debug_macro   0x0000daee      0x216 can_controller.o
 .debug_macro   0x0000dd04      0x216 can_controller.o
 .debug_macro   0x0000df1a       0x2e can_controller.o
 .debug_macro   0x0000df48       0xac can_controller.o
 .debug_macro   0x0000dff4      0x13e can_controller.o
 .debug_macro   0x0000e132       0x7c can_controller.o
 .debug_macro   0x0000e1ae      0x1f6 can_controller.o
 .debug_macro   0x0000e3a4       0x64 can_controller.o
 .debug_macro   0x0000e408       0xa6 can_controller.o
 .debug_macro   0x0000e4ae       0x7c can_controller.o
 .debug_macro   0x0000e52a       0x16 can_controller.o
 .debug_macro   0x0000e540       0x22 can_controller.o
 .debug_macro   0x0000e562       0x22 can_controller.o
 .debug_macro   0x0000e584      0x10c can_controller.o
 .debug_macro   0x0000e690      0x10c can_controller.o
 .debug_macro   0x0000e79c      0x10c can_controller.o
 .debug_macro   0x0000e8a8      0x10c can_controller.o
 .debug_macro   0x0000e9b4       0x1c can_controller.o
 .debug_macro   0x0000e9d0       0x2e can_controller.o
 .debug_macro   0x0000e9fe       0x22 can_controller.o
 .debug_macro   0x0000ea20       0x1c can_controller.o
 .debug_macro   0x0000ea3c       0x58 can_controller.o
 .debug_macro   0x0000ea94       0x10 can_controller.o
 .debug_macro   0x0000eaa4      0x27a can_controller.o
 .debug_macro   0x0000ed1e      0xd34 can_controller.o
 .debug_macro   0x0000fa52      0x170 can_controller.o
 .debug_macro   0x0000fbc2      0x4e7 can_interrupt.o
 .debug_macro   0x000100a9       0x58 can_interrupt.o
 .debug_macro   0x00010101       0x35 can_interrupt.o
 .debug_macro   0x00010136       0x9c can_interrupt.o
 .debug_macro   0x000101d2       0x16 can_interrupt.o
 .debug_macro   0x000101e8       0x97 can_interrupt.o
 .debug_macro   0x0001027f      0x353 can_interrupt.o
 .debug_macro   0x000105d2       0xf6 can_interrupt.o
 .debug_macro   0x000106c8       0x10 can_interrupt.o
 .debug_macro   0x000106d8       0x58 can_interrupt.o
 .debug_macro   0x00010730       0x1f can_interrupt.o
 .debug_macro   0x0001074f       0x43 can_interrupt.o
 .debug_macro   0x00010792       0x20 can_interrupt.o
 .debug_macro   0x000107b2      0x187 can_interrupt.o
 .debug_macro   0x00010939       0x10 can_interrupt.o
 .debug_macro   0x00010949       0x1c can_interrupt.o
 .debug_macro   0x00010965       0x52 can_interrupt.o
 .debug_macro   0x000109b7       0x40 can_interrupt.o
 .debug_macro   0x000109f7       0x10 can_interrupt.o
 .debug_macro   0x00010a07       0x40 can_interrupt.o
 .debug_macro   0x00010a47       0xd7 can_interrupt.o
 .debug_macro   0x00010b1e       0x16 can_interrupt.o
 .debug_macro   0x00010b34      0x18b can_interrupt.o
 .debug_macro   0x00010cbf       0xbd can_interrupt.o
 .debug_macro   0x00010d7c      0x371 Device_Startup/startup_sam3xa.o
 .debug_macro   0x000110ed       0x20 Device_Startup/startup_sam3xa.o
 .debug_macro   0x0001110d      0x383 Device_Startup/system_sam3xa.o
 .debug_macro   0x00011490      0x4e9 main.o
 .debug_macro   0x00011979       0x52 main.o
 .debug_macro   0x000119cb       0x8d main.o
 .debug_macro   0x00011a58       0x57 main.o
 .debug_macro   0x00011aaf       0x8e printf-stdarg.o
 .debug_macro   0x00011b3d       0x58 printf-stdarg.o
 .debug_macro   0x00011b95      0x374 uart.o
 .debug_macro   0x00011f09       0x10 uart.o

.debug_line     0x00000000     0x342b
 .debug_line    0x00000000      0x7ef can_controller.o
 .debug_line    0x000007ef      0x8ce can_interrupt.o
 .debug_line    0x000010bd      0x728 Device_Startup/startup_sam3xa.o
 .debug_line    0x000017e5      0x785 Device_Startup/system_sam3xa.o
 .debug_line    0x00001f6a      0x98d main.o
 .debug_line    0x000028f7      0x3cb printf-stdarg.o
 .debug_line    0x00002cc2      0x769 uart.o

.debug_str      0x00000000    0x5519d
 .debug_str     0x00000000    0x5054c can_controller.o
                              0x50728 (size before relaxing)
 .debug_str     0x0005054c     0x40f2 can_interrupt.o
                              0x54542 (size before relaxing)
 .debug_str     0x0005463e      0x535 Device_Startup/startup_sam3xa.o
                              0x504a4 (size before relaxing)
 .debug_str     0x00054b73      0x195 Device_Startup/system_sam3xa.o
                              0x50237 (size before relaxing)
 .debug_str     0x00054d08      0x1fd main.o
                              0x548cc (size before relaxing)
 .debug_str     0x00054f05      0x195 printf-stdarg.o
                               0x362a (size before relaxing)
 .debug_str     0x0005509a      0x103 uart.o
                              0x50681 (size before relaxing)

.debug_frame    0x00000000      0x5b8
 .debug_frame   0x00000000       0x90 can_controller.o
 .debug_frame   0x00000090       0x44 can_interrupt.o
 .debug_frame   0x000000d4       0x38 Device_Startup/startup_sam3xa.o
 .debug_frame   0x0000010c       0x40 Device_Startup/system_sam3xa.o
 .debug_frame   0x0000014c      0x130 main.o
 .debug_frame   0x0000027c      0x124 printf-stdarg.o
 .debug_frame   0x000003a0       0x58 uart.o
 .debug_frame   0x000003f8       0x2c c:/program files (x86)/atmel/studio/7.0/toolchain/arm/arm-gnu-toolchain/bin/../lib/gcc/arm-none-eabi/6.3.1/../../../../arm-none-eabi/lib/thumb/v7-m\libc.a(lib_a-init.o)
 .debug_frame   0x00000424       0x5c c:/program files (x86)/atmel/studio/7.0/toolchain/arm/arm-gnu-toolchain/bin/../lib/gcc/arm-none-eabi/6.3.1/../../../../arm-none-eabi/lib/thumb/v7-m\libc.a(lib_a-__call_atexit.o)
 .debug_frame   0x00000480       0x20 c:/program files (x86)/atmel/studio/7.0/toolchain/arm/arm-gnu-toolchain/bin/../lib/gcc/arm-none-eabi/6.3.1/../../../../arm-none-eabi/lib/thumb/v7-m\libc.a(lib_a-atexit.o)
 .debug_frame   0x000004a0       0x34 c:/program files (x86)/atmel/studio/7.0/toolchain/arm/arm-gnu-toolchain/bin/../lib/gcc/arm-none-eabi/6.3.1/../../../../arm-none-eabi/lib/thumb/v7-m\libc.a(lib_a-fini.o)
 .debug_frame   0x000004d4       0xb0 c:/program files (x86)/atmel/studio/7.0/toolchain/arm/arm-gnu-toolchain/bin/../lib/gcc/arm-none-eabi/6.3.1/../../../../arm-none-eabi/lib/thumb/v7-m\libc.a(lib_a-lock.o)
 .debug_frame   0x00000584       0x34 c:/program files (x86)/atmel/studio/7.0/toolchain/arm/arm-gnu-toolchain/bin/../lib/gcc/arm-none-eabi/6.3.1/../../../../arm-none-eabi/lib/thumb/v7-m\libc.a(lib_a-__atexit.o)
