Archive member included to satisfy reference by file (symbol)

c:/program files (x86)/atmel/studio/7.0/toolchain/arm/arm-gnu-toolchain/bin/../lib/gcc/arm-none-eabi/6.3.1/../../../../arm-none-eabi/lib/thumb/v7-m\libc.a(lib_a-exit.o)
                              c:/program files (x86)/atmel/studio/7.0/toolchain/arm/arm-gnu-toolchain/bin/../lib/gcc/arm-none-eabi/6.3.1/../../../../arm-none-eabi/lib/thumb/v7-m/crt0.o (exit)
c:/program files (x86)/atmel/studio/7.0/toolchain/arm/arm-gnu-toolchain/bin/../lib/gcc/arm-none-eabi/6.3.1/../../../../arm-none-eabi/lib/thumb/v7-m\libc.a(lib_a-impure.o)
                              c:/program files (x86)/atmel/studio/7.0/toolchain/arm/arm-gnu-toolchain/bin/../lib/gcc/arm-none-eabi/6.3.1/../../../../arm-none-eabi/lib/thumb/v7-m\libc.a(lib_a-exit.o) (_global_impure_ptr)
c:/program files (x86)/atmel/studio/7.0/toolchain/arm/arm-gnu-toolchain/bin/../lib/gcc/arm-none-eabi/6.3.1/../../../../arm-none-eabi/lib/thumb/v7-m\libc.a(lib_a-init.o)
                              c:/program files (x86)/atmel/studio/7.0/toolchain/arm/arm-gnu-toolchain/bin/../lib/gcc/arm-none-eabi/6.3.1/../../../../arm-none-eabi/lib/thumb/v7-m/crt0.o (__libc_init_array)
c:/program files (x86)/atmel/studio/7.0/toolchain/arm/arm-gnu-toolchain/bin/../lib/gcc/arm-none-eabi/6.3.1/../../../../arm-none-eabi/lib/thumb/v7-m\libc.a(lib_a-memset.o)
                              c:/program files (x86)/atmel/studio/7.0/toolchain/arm/arm-gnu-toolchain/bin/../lib/gcc/arm-none-eabi/6.3.1/../../../../arm-none-eabi/lib/thumb/v7-m/crt0.o (memset)
c:/program files (x86)/atmel/studio/7.0/toolchain/arm/arm-gnu-toolchain/bin/../lib/gcc/arm-none-eabi/6.3.1/../../../../arm-none-eabi/lib/thumb/v7-m\libc.a(lib_a-__call_atexit.o)
                              c:/program files (x86)/atmel/studio/7.0/toolchain/arm/arm-gnu-toolchain/bin/../lib/gcc/arm-none-eabi/6.3.1/../../../../arm-none-eabi/lib/thumb/v7-m\libc.a(lib_a-exit.o) (__call_exitprocs)
c:/program files (x86)/atmel/studio/7.0/toolchain/arm/arm-gnu-toolchain/bin/../lib/gcc/arm-none-eabi/6.3.1/../../../../arm-none-eabi/lib/thumb/v7-m\libc.a(lib_a-atexit.o)
                              c:/program files (x86)/atmel/studio/7.0/toolchain/arm/arm-gnu-toolchain/bin/../lib/gcc/arm-none-eabi/6.3.1/../../../../arm-none-eabi/lib/thumb/v7-m\libc.a(lib_a-__call_atexit.o) (atexit)
c:/program files (x86)/atmel/studio/7.0/toolchain/arm/arm-gnu-toolchain/bin/../lib/gcc/arm-none-eabi/6.3.1/../../../../arm-none-eabi/lib/thumb/v7-m\libc.a(lib_a-fini.o)
                              c:/program files (x86)/atmel/studio/7.0/toolchain/arm/arm-gnu-toolchain/bin/../lib/gcc/arm-none-eabi/6.3.1/../../../../arm-none-eabi/lib/thumb/v7-m\libc.a(lib_a-__call_atexit.o) (__libc_fini_array)
c:/program files (x86)/atmel/studio/7.0/toolchain/arm/arm-gnu-toolchain/bin/../lib/gcc/arm-none-eabi/6.3.1/../../../../arm-none-eabi/lib/thumb/v7-m\libc.a(lib_a-lock.o)
                              c:/program files (x86)/atmel/studio/7.0/toolchain/arm/arm-gnu-toolchain/bin/../lib/gcc/arm-none-eabi/6.3.1/../../../../arm-none-eabi/lib/thumb/v7-m\libc.a(lib_a-__call_atexit.o) (__retarget_lock_acquire_recursive)
c:/program files (x86)/atmel/studio/7.0/toolchain/arm/arm-gnu-toolchain/bin/../lib/gcc/arm-none-eabi/6.3.1/../../../../arm-none-eabi/lib/thumb/v7-m\libc.a(lib_a-__atexit.o)
                              c:/program files (x86)/atmel/studio/7.0/toolchain/arm/arm-gnu-toolchain/bin/../lib/gcc/arm-none-eabi/6.3.1/../../../../arm-none-eabi/lib/thumb/v7-m\libc.a(lib_a-atexit.o) (__register_exitproc)

Allocating common symbols
Common symbol       size              file

__lock___atexit_recursive_mutex
                    0x1               c:/program files (x86)/atmel/studio/7.0/toolchain/arm/arm-gnu-toolchain/bin/../lib/gcc/arm-none-eabi/6.3.1/../../../../arm-none-eabi/lib/thumb/v7-m\libc.a(lib_a-lock.o)
__lock___arc4random_mutex
                    0x1               c:/program files (x86)/atmel/studio/7.0/toolchain/arm/arm-gnu-toolchain/bin/../lib/gcc/arm-none-eabi/6.3.1/../../../../arm-none-eabi/lib/thumb/v7-m\libc.a(lib_a-lock.o)
__lock___env_recursive_mutex
                    0x1               c:/program files (x86)/atmel/studio/7.0/toolchain/arm/arm-gnu-toolchain/bin/../lib/gcc/arm-none-eabi/6.3.1/../../../../arm-none-eabi/lib/thumb/v7-m\libc.a(lib_a-lock.o)
__lock___sinit_recursive_mutex
                    0x1               c:/program files (x86)/atmel/studio/7.0/toolchain/arm/arm-gnu-toolchain/bin/../lib/gcc/arm-none-eabi/6.3.1/../../../../arm-none-eabi/lib/thumb/v7-m\libc.a(lib_a-lock.o)
__lock___malloc_recursive_mutex
                    0x1               c:/program files (x86)/atmel/studio/7.0/toolchain/arm/arm-gnu-toolchain/bin/../lib/gcc/arm-none-eabi/6.3.1/../../../../arm-none-eabi/lib/thumb/v7-m\libc.a(lib_a-lock.o)
__lock___at_quick_exit_mutex
                    0x1               c:/program files (x86)/atmel/studio/7.0/toolchain/arm/arm-gnu-toolchain/bin/../lib/gcc/arm-none-eabi/6.3.1/../../../../arm-none-eabi/lib/thumb/v7-m\libc.a(lib_a-lock.o)
__lock___dd_hash_mutex
                    0x1               c:/program files (x86)/atmel/studio/7.0/toolchain/arm/arm-gnu-toolchain/bin/../lib/gcc/arm-none-eabi/6.3.1/../../../../arm-none-eabi/lib/thumb/v7-m\libc.a(lib_a-lock.o)
__lock___tz_mutex   0x1               c:/program files (x86)/atmel/studio/7.0/toolchain/arm/arm-gnu-toolchain/bin/../lib/gcc/arm-none-eabi/6.3.1/../../../../arm-none-eabi/lib/thumb/v7-m\libc.a(lib_a-lock.o)
__lock___sfp_recursive_mutex
                    0x1               c:/program files (x86)/atmel/studio/7.0/toolchain/arm/arm-gnu-toolchain/bin/../lib/gcc/arm-none-eabi/6.3.1/../../../../arm-none-eabi/lib/thumb/v7-m\libc.a(lib_a-lock.o)

Discarded input sections

 .text          0x00000000        0x0 c:/program files (x86)/atmel/studio/7.0/toolchain/arm/arm-gnu-toolchain/bin/../lib/gcc/arm-none-eabi/6.3.1/thumb/v7-m/crti.o
 .data          0x00000000        0x0 c:/program files (x86)/atmel/studio/7.0/toolchain/arm/arm-gnu-toolchain/bin/../lib/gcc/arm-none-eabi/6.3.1/thumb/v7-m/crti.o
 .bss           0x00000000        0x0 c:/program files (x86)/atmel/studio/7.0/toolchain/arm/arm-gnu-toolchain/bin/../lib/gcc/arm-none-eabi/6.3.1/thumb/v7-m/crti.o
 .data          0x00000000        0x4 c:/program files (x86)/atmel/studio/7.0/toolchain/arm/arm-gnu-toolchain/bin/../lib/gcc/arm-none-eabi/6.3.1/thumb/v7-m/crtbegin.o
 .text          0x00000000       0x74 c:/program files (x86)/atmel/studio/7.0/toolchain/arm/arm-gnu-toolchain/bin/../lib/gcc/arm-none-eabi/6.3.1/../../../../arm-none-eabi/lib/thumb/v7-m/crt0.o
 .data          0x00000000        0x0 c:/program files (x86)/atmel/studio/7.0/toolchain/arm/arm-gnu-toolchain/bin/../lib/gcc/arm-none-eabi/6.3.1/../../../../arm-none-eabi/lib/thumb/v7-m/crt0.o
 .bss           0x00000000        0x0 c:/program files (x86)/atmel/studio/7.0/toolchain/arm/arm-gnu-toolchain/bin/../lib/gcc/arm-none-eabi/6.3.1/../../../../arm-none-eabi/lib/thumb/v7-m/crt0.o
 .ARM.extab     0x00000000        0x0 c:/program files (x86)/atmel/studio/7.0/toolchain/arm/arm-gnu-toolchain/bin/../lib/gcc/arm-none-eabi/6.3.1/../../../../arm-none-eabi/lib/thumb/v7-m/crt0.o
 .ARM.exidx     0x00000000        0x8 c:/program files (x86)/atmel/studio/7.0/toolchain/arm/arm-gnu-toolchain/bin/../lib/gcc/arm-none-eabi/6.3.1/../../../../arm-none-eabi/lib/thumb/v7-m/crt0.o
 .ARM.attributes
                0x00000000       0x1b c:/program files (x86)/atmel/studio/7.0/toolchain/arm/arm-gnu-toolchain/bin/../lib/gcc/arm-none-eabi/6.3.1/../../../../arm-none-eabi/lib/thumb/v7-m/crt0.o
 .group         0x00000000        0x8 Device_Startup/startup_sam3xa.o
 .group         0x00000000        0x8 Device_Startup/startup_sam3xa.o
 .group         0x00000000        0x8 Device_Startup/startup_sam3xa.o
 .group         0x00000000        0x8 Device_Startup/startup_sam3xa.o
 .group         0x00000000        0x8 Device_Startup/startup_sam3xa.o
 .group         0x00000000        0x8 Device_Startup/startup_sam3xa.o
 .group         0x00000000        0x8 Device_Startup/startup_sam3xa.o
 .group         0x00000000        0x8 Device_Startup/startup_sam3xa.o
 .group         0x00000000        0x8 Device_Startup/startup_sam3xa.o
 .group         0x00000000        0x8 Device_Startup/startup_sam3xa.o
 .group         0x00000000        0x8 Device_Startup/startup_sam3xa.o
 .group         0x00000000        0x8 Device_Startup/startup_sam3xa.o
 .group         0x00000000        0x8 Device_Startup/startup_sam3xa.o
 .group         0x00000000        0x8 Device_Startup/startup_sam3xa.o
 .group         0x00000000        0x8 Device_Startup/startup_sam3xa.o
 .group         0x00000000        0x8 Device_Startup/startup_sam3xa.o
 .group         0x00000000        0x8 Device_Startup/startup_sam3xa.o
 .group         0x00000000        0x8 Device_Startup/startup_sam3xa.o
 .group         0x00000000        0x8 Device_Startup/startup_sam3xa.o
 .group         0x00000000        0x8 Device_Startup/startup_sam3xa.o
 .group         0x00000000        0x8 Device_Startup/startup_sam3xa.o
 .group         0x00000000        0x8 Device_Startup/startup_sam3xa.o
 .group         0x00000000        0x8 Device_Startup/startup_sam3xa.o
 .group         0x00000000        0x8 Device_Startup/startup_sam3xa.o
 .group         0x00000000        0x8 Device_Startup/startup_sam3xa.o
 .group         0x00000000        0x8 Device_Startup/startup_sam3xa.o
 .group         0x00000000        0x8 Device_Startup/startup_sam3xa.o
 .group         0x00000000        0x8 Device_Startup/startup_sam3xa.o
 .group         0x00000000        0x8 Device_Startup/startup_sam3xa.o
 .group         0x00000000        0x8 Device_Startup/startup_sam3xa.o
 .group         0x00000000        0x8 Device_Startup/startup_sam3xa.o
 .group         0x00000000        0x8 Device_Startup/startup_sam3xa.o
 .group         0x00000000        0x8 Device_Startup/startup_sam3xa.o
 .group         0x00000000        0x8 Device_Startup/startup_sam3xa.o
 .group         0x00000000        0x8 Device_Startup/startup_sam3xa.o
 .group         0x00000000        0x8 Device_Startup/startup_sam3xa.o
 .group         0x00000000        0x8 Device_Startup/startup_sam3xa.o
 .group         0x00000000        0x8 Device_Startup/startup_sam3xa.o
 .group         0x00000000        0x8 Device_Startup/startup_sam3xa.o
 .group         0x00000000        0x8 Device_Startup/startup_sam3xa.o
 .group         0x00000000        0x8 Device_Startup/startup_sam3xa.o
 .group         0x00000000        0x8 Device_Startup/startup_sam3xa.o
 .group         0x00000000        0x8 Device_Startup/startup_sam3xa.o
 .group         0x00000000        0x8 Device_Startup/startup_sam3xa.o
 .group         0x00000000        0x8 Device_Startup/startup_sam3xa.o
 .group         0x00000000        0x8 Device_Startup/startup_sam3xa.o
 .group         0x00000000        0x8 Device_Startup/startup_sam3xa.o
 .group         0x00000000        0x8 Device_Startup/startup_sam3xa.o
 .group         0x00000000        0x8 Device_Startup/startup_sam3xa.o
 .group         0x00000000        0x8 Device_Startup/startup_sam3xa.o
 .group         0x00000000        0x8 Device_Startup/startup_sam3xa.o
 .group         0x00000000        0x8 Device_Startup/startup_sam3xa.o
 .group         0x00000000        0x8 Device_Startup/startup_sam3xa.o
 .group         0x00000000        0x8 Device_Startup/startup_sam3xa.o
 .group         0x00000000        0x8 Device_Startup/startup_sam3xa.o
 .group         0x00000000        0x8 Device_Startup/startup_sam3xa.o
 .group         0x00000000        0x8 Device_Startup/startup_sam3xa.o
 .group         0x00000000        0x8 Device_Startup/startup_sam3xa.o
 .group         0x00000000        0x8 Device_Startup/startup_sam3xa.o
 .group         0x00000000        0x8 Device_Startup/startup_sam3xa.o
 .group         0x00000000        0x8 Device_Startup/startup_sam3xa.o
 .group         0x00000000        0x8 Device_Startup/startup_sam3xa.o
 .group         0x00000000        0x8 Device_Startup/startup_sam3xa.o
 .group         0x00000000        0x8 Device_Startup/startup_sam3xa.o
 .group         0x00000000        0x8 Device_Startup/startup_sam3xa.o
 .group         0x00000000        0x8 Device_Startup/startup_sam3xa.o
 .group         0x00000000        0x8 Device_Startup/startup_sam3xa.o
 .group         0x00000000        0x8 Device_Startup/startup_sam3xa.o
 .group         0x00000000        0x8 Device_Startup/startup_sam3xa.o
 .group         0x00000000        0x8 Device_Startup/startup_sam3xa.o
 .group         0x00000000        0x8 Device_Startup/startup_sam3xa.o
 .group         0x00000000        0x8 Device_Startup/startup_sam3xa.o
 .group         0x00000000        0x8 Device_Startup/startup_sam3xa.o
 .group         0x00000000        0x8 Device_Startup/startup_sam3xa.o
 .group         0x00000000        0x8 Device_Startup/startup_sam3xa.o
 .group         0x00000000        0x8 Device_Startup/startup_sam3xa.o
 .group         0x00000000        0x8 Device_Startup/startup_sam3xa.o
 .group         0x00000000        0x8 Device_Startup/startup_sam3xa.o
 .group         0x00000000        0x8 Device_Startup/startup_sam3xa.o
 .group         0x00000000        0x8 Device_Startup/startup_sam3xa.o
 .group         0x00000000        0x8 Device_Startup/startup_sam3xa.o
 .group         0x00000000        0x8 Device_Startup/startup_sam3xa.o
 .text          0x00000000        0x0 Device_Startup/startup_sam3xa.o
 .data          0x00000000        0x0 Device_Startup/startup_sam3xa.o
 .bss           0x00000000        0x0 Device_Startup/startup_sam3xa.o
 .group         0x00000000        0x8 Device_Startup/system_sam3xa.o
 .group         0x00000000        0x8 Device_Startup/system_sam3xa.o
 .group         0x00000000        0x8 Device_Startup/system_sam3xa.o
 .group         0x00000000        0x8 Device_Startup/system_sam3xa.o
 .group         0x00000000        0x8 Device_Startup/system_sam3xa.o
 .group         0x00000000        0x8 Device_Startup/system_sam3xa.o
 .group         0x00000000        0x8 Device_Startup/system_sam3xa.o
 .group         0x00000000        0x8 Device_Startup/system_sam3xa.o
 .group         0x00000000        0x8 Device_Startup/system_sam3xa.o
 .group         0x00000000        0x8 Device_Startup/system_sam3xa.o
 .group         0x00000000        0x8 Device_Startup/system_sam3xa.o
 .group         0x00000000        0x8 Device_Startup/system_sam3xa.o
 .group         0x00000000        0x8 Device_Startup/system_sam3xa.o
 .group         0x00000000        0x8 Device_Startup/system_sam3xa.o
 .group         0x00000000        0x8 Device_Startup/system_sam3xa.o
 .group         0x00000000        0x8 Device_Startup/system_sam3xa.o
 .group         0x00000000        0x8 Device_Startup/system_sam3xa.o
 .group         0x00000000        0x8 Device_Startup/system_sam3xa.o
 .group         0x00000000        0x8 Device_Startup/system_sam3xa.o
 .group         0x00000000        0x8 Device_Startup/system_sam3xa.o
 .group         0x00000000        0x8 Device_Startup/system_sam3xa.o
 .group         0x00000000        0x8 Device_Startup/system_sam3xa.o
 .group         0x00000000        0x8 Device_Startup/system_sam3xa.o
 .group         0x00000000        0x8 Device_Startup/system_sam3xa.o
 .group         0x00000000        0x8 Device_Startup/system_sam3xa.o
 .group         0x00000000        0x8 Device_Startup/system_sam3xa.o
 .group         0x00000000        0x8 Device_Startup/system_sam3xa.o
 .group         0x00000000        0x8 Device_Startup/system_sam3xa.o
 .group         0x00000000        0x8 Device_Startup/system_sam3xa.o
 .group         0x00000000        0x8 Device_Startup/system_sam3xa.o
 .group         0x00000000        0x8 Device_Startup/system_sam3xa.o
 .group         0x00000000        0x8 Device_Startup/system_sam3xa.o
 .group         0x00000000        0x8 Device_Startup/system_sam3xa.o
 .group         0x00000000        0x8 Device_Startup/system_sam3xa.o
 .group         0x00000000        0x8 Device_Startup/system_sam3xa.o
 .group         0x00000000        0x8 Device_Startup/system_sam3xa.o
 .group         0x00000000        0x8 Device_Startup/system_sam3xa.o
 .group         0x00000000        0x8 Device_Startup/system_sam3xa.o
 .group         0x00000000        0x8 Device_Startup/system_sam3xa.o
 .group         0x00000000        0x8 Device_Startup/system_sam3xa.o
 .group         0x00000000        0x8 Device_Startup/system_sam3xa.o
 .group         0x00000000        0x8 Device_Startup/system_sam3xa.o
 .group         0x00000000        0x8 Device_Startup/system_sam3xa.o
 .group         0x00000000        0x8 Device_Startup/system_sam3xa.o
 .group         0x00000000        0x8 Device_Startup/system_sam3xa.o
 .group         0x00000000        0x8 Device_Startup/system_sam3xa.o
 .group         0x00000000        0x8 Device_Startup/system_sam3xa.o
 .group         0x00000000        0x8 Device_Startup/system_sam3xa.o
 .group         0x00000000        0x8 Device_Startup/system_sam3xa.o
 .group         0x00000000        0x8 Device_Startup/system_sam3xa.o
 .group         0x00000000        0x8 Device_Startup/system_sam3xa.o
 .group         0x00000000        0x8 Device_Startup/system_sam3xa.o
 .group         0x00000000        0x8 Device_Startup/system_sam3xa.o
 .group         0x00000000        0x8 Device_Startup/system_sam3xa.o
 .group         0x00000000        0x8 Device_Startup/system_sam3xa.o
 .group         0x00000000        0x8 Device_Startup/system_sam3xa.o
 .group         0x00000000        0x8 Device_Startup/system_sam3xa.o
 .group         0x00000000        0x8 Device_Startup/system_sam3xa.o
 .group         0x00000000        0x8 Device_Startup/system_sam3xa.o
 .group         0x00000000        0x8 Device_Startup/system_sam3xa.o
 .group         0x00000000        0x8 Device_Startup/system_sam3xa.o
 .group         0x00000000        0x8 Device_Startup/system_sam3xa.o
 .group         0x00000000        0x8 Device_Startup/system_sam3xa.o
 .group         0x00000000        0x8 Device_Startup/system_sam3xa.o
 .group         0x00000000        0x8 Device_Startup/system_sam3xa.o
 .group         0x00000000        0x8 Device_Startup/system_sam3xa.o
 .group         0x00000000        0x8 Device_Startup/system_sam3xa.o
 .group         0x00000000        0x8 Device_Startup/system_sam3xa.o
 .group         0x00000000        0x8 Device_Startup/system_sam3xa.o
 .group         0x00000000        0x8 Device_Startup/system_sam3xa.o
 .group         0x00000000        0x8 Device_Startup/system_sam3xa.o
 .group         0x00000000        0x8 Device_Startup/system_sam3xa.o
 .group         0x00000000        0x8 Device_Startup/system_sam3xa.o
 .group         0x00000000        0x8 Device_Startup/system_sam3xa.o
 .group         0x00000000        0x8 Device_Startup/system_sam3xa.o
 .group         0x00000000        0x8 Device_Startup/system_sam3xa.o
 .group         0x00000000        0x8 Device_Startup/system_sam3xa.o
 .group         0x00000000        0x8 Device_Startup/system_sam3xa.o
 .group         0x00000000        0x8 Device_Startup/system_sam3xa.o
 .group         0x00000000        0x8 Device_Startup/system_sam3xa.o
 .group         0x00000000        0x8 Device_Startup/system_sam3xa.o
 .group         0x00000000        0x8 Device_Startup/system_sam3xa.o
 .text          0x00000000        0x0 Device_Startup/system_sam3xa.o
 .bss           0x00000000        0x0 Device_Startup/system_sam3xa.o
 .text.SystemCoreClockUpdate
                0x00000000      0x11c Device_Startup/system_sam3xa.o
 .text.system_init_flash
                0x00000000       0x7c Device_Startup/system_sam3xa.o
 .debug_macro   0x00000000      0x8b0 Device_Startup/system_sam3xa.o
 .debug_macro   0x00000000       0x22 Device_Startup/system_sam3xa.o
 .debug_macro   0x00000000       0x87 Device_Startup/system_sam3xa.o
 .debug_macro   0x00000000       0x51 Device_Startup/system_sam3xa.o
 .debug_macro   0x00000000       0xef Device_Startup/system_sam3xa.o
 .debug_macro   0x00000000       0x6a Device_Startup/system_sam3xa.o
 .debug_macro   0x00000000      0x1df Device_Startup/system_sam3xa.o
 .debug_macro   0x00000000       0x20 Device_Startup/system_sam3xa.o
 .debug_macro   0x00000000       0x1c Device_Startup/system_sam3xa.o
 .debug_macro   0x00000000       0x22 Device_Startup/system_sam3xa.o
 .debug_macro   0x00000000       0xc3 Device_Startup/system_sam3xa.o
 .debug_macro   0x00000000      0xe49 Device_Startup/system_sam3xa.o
 .debug_macro   0x00000000      0x11f Device_Startup/system_sam3xa.o
 .debug_macro   0x00000000      0xa7d Device_Startup/system_sam3xa.o
 .debug_macro   0x00000000      0x55a Device_Startup/system_sam3xa.o
 .debug_macro   0x00000000      0x1a8 Device_Startup/system_sam3xa.o
 .debug_macro   0x00000000      0x30b Device_Startup/system_sam3xa.o
 .debug_macro   0x00000000      0x709 Device_Startup/system_sam3xa.o
 .debug_macro   0x00000000       0xd6 Device_Startup/system_sam3xa.o
 .debug_macro   0x00000000      0x56c Device_Startup/system_sam3xa.o
 .debug_macro   0x00000000       0x1c Device_Startup/system_sam3xa.o
 .debug_macro   0x00000000      0x678 Device_Startup/system_sam3xa.o
 .debug_macro   0x00000000      0x51e Device_Startup/system_sam3xa.o
 .debug_macro   0x00000000       0xbe Device_Startup/system_sam3xa.o
 .debug_macro   0x00000000     0x2333 Device_Startup/system_sam3xa.o
 .debug_macro   0x00000000      0x7d1 Device_Startup/system_sam3xa.o
 .debug_macro   0x00000000      0xdbb Device_Startup/system_sam3xa.o
 .debug_macro   0x00000000       0x9a Device_Startup/system_sam3xa.o
 .debug_macro   0x00000000      0x29c Device_Startup/system_sam3xa.o
 .debug_macro   0x00000000       0x58 Device_Startup/system_sam3xa.o
 .debug_macro   0x00000000      0x999 Device_Startup/system_sam3xa.o
 .debug_macro   0x00000000      0x22d Device_Startup/system_sam3xa.o
 .debug_macro   0x00000000      0x4b4 Device_Startup/system_sam3xa.o
 .debug_macro   0x00000000      0x64a Device_Startup/system_sam3xa.o
 .debug_macro   0x00000000      0x590 Device_Startup/system_sam3xa.o
 .debug_macro   0x00000000       0x46 Device_Startup/system_sam3xa.o
 .debug_macro   0x00000000      0x33f Device_Startup/system_sam3xa.o
 .debug_macro   0x00000000      0x27e Device_Startup/system_sam3xa.o
 .debug_macro   0x00000000     0x14dc Device_Startup/system_sam3xa.o
 .debug_macro   0x00000000      0x7cf Device_Startup/system_sam3xa.o
 .debug_macro   0x00000000       0x76 Device_Startup/system_sam3xa.o
 .debug_macro   0x00000000       0x82 Device_Startup/system_sam3xa.o
 .debug_macro   0x00000000       0x76 Device_Startup/system_sam3xa.o
 .debug_macro   0x00000000       0x4c Device_Startup/system_sam3xa.o
 .debug_macro   0x00000000      0x100 Device_Startup/system_sam3xa.o
 .debug_macro   0x00000000      0x100 Device_Startup/system_sam3xa.o
 .debug_macro   0x00000000      0x100 Device_Startup/system_sam3xa.o
 .debug_macro   0x00000000       0x88 Device_Startup/system_sam3xa.o
 .debug_macro   0x00000000       0x88 Device_Startup/system_sam3xa.o
 .debug_macro   0x00000000      0x3b4 Device_Startup/system_sam3xa.o
 .debug_macro   0x00000000       0xbe Device_Startup/system_sam3xa.o
 .debug_macro   0x00000000       0xbe Device_Startup/system_sam3xa.o
 .debug_macro   0x00000000       0xbe Device_Startup/system_sam3xa.o
 .debug_macro   0x00000000       0xbe Device_Startup/system_sam3xa.o
 .debug_macro   0x00000000      0x2b8 Device_Startup/system_sam3xa.o
 .debug_macro   0x00000000      0x118 Device_Startup/system_sam3xa.o
 .debug_macro   0x00000000      0x216 Device_Startup/system_sam3xa.o
 .debug_macro   0x00000000      0x216 Device_Startup/system_sam3xa.o
 .debug_macro   0x00000000       0x2e Device_Startup/system_sam3xa.o
 .debug_macro   0x00000000       0xac Device_Startup/system_sam3xa.o
 .debug_macro   0x00000000      0x13e Device_Startup/system_sam3xa.o
 .debug_macro   0x00000000       0x7c Device_Startup/system_sam3xa.o
 .debug_macro   0x00000000      0x1f6 Device_Startup/system_sam3xa.o
 .debug_macro   0x00000000       0x64 Device_Startup/system_sam3xa.o
 .debug_macro   0x00000000       0xa6 Device_Startup/system_sam3xa.o
 .debug_macro   0x00000000       0x7c Device_Startup/system_sam3xa.o
 .debug_macro   0x00000000       0x16 Device_Startup/system_sam3xa.o
 .debug_macro   0x00000000       0x22 Device_Startup/system_sam3xa.o
 .debug_macro   0x00000000       0x22 Device_Startup/system_sam3xa.o
 .debug_macro   0x00000000      0x10c Device_Startup/system_sam3xa.o
 .debug_macro   0x00000000      0x10c Device_Startup/system_sam3xa.o
 .debug_macro   0x00000000      0x10c Device_Startup/system_sam3xa.o
 .debug_macro   0x00000000      0x10c Device_Startup/system_sam3xa.o
 .debug_macro   0x00000000       0x1c Device_Startup/system_sam3xa.o
 .debug_macro   0x00000000       0x2e Device_Startup/system_sam3xa.o
 .debug_macro   0x00000000       0x22 Device_Startup/system_sam3xa.o
 .debug_macro   0x00000000       0x1c Device_Startup/system_sam3xa.o
 .debug_macro   0x00000000       0x58 Device_Startup/system_sam3xa.o
 .debug_macro   0x00000000       0x10 Device_Startup/system_sam3xa.o
 .debug_macro   0x00000000      0x27a Device_Startup/system_sam3xa.o
 .debug_macro   0x00000000      0xd34 Device_Startup/system_sam3xa.o
 .debug_macro   0x00000000      0x170 Device_Startup/system_sam3xa.o
 .group         0x00000000        0x8 main.o
 .group         0x00000000        0x8 main.o
 .group         0x00000000        0x8 main.o
 .group         0x00000000        0x8 main.o
 .group         0x00000000        0x8 main.o
 .group         0x00000000        0x8 main.o
 .group         0x00000000        0x8 main.o
 .group         0x00000000        0x8 main.o
 .group         0x00000000        0x8 main.o
 .group         0x00000000        0x8 main.o
 .group         0x00000000        0x8 main.o
 .group         0x00000000        0x8 main.o
 .group         0x00000000        0x8 main.o
 .group         0x00000000        0x8 main.o
 .group         0x00000000        0x8 main.o
 .group         0x00000000        0x8 main.o
 .group         0x00000000        0x8 main.o
 .group         0x00000000        0x8 main.o
 .group         0x00000000        0x8 main.o
 .group         0x00000000        0x8 main.o
 .group         0x00000000        0x8 main.o
 .group         0x00000000        0x8 main.o
 .group         0x00000000        0x8 main.o
 .group         0x00000000        0x8 main.o
 .group         0x00000000        0x8 main.o
 .group         0x00000000        0x8 main.o
 .group         0x00000000        0x8 main.o
 .group         0x00000000        0x8 main.o
 .group         0x00000000        0x8 main.o
 .group         0x00000000        0x8 main.o
 .group         0x00000000        0x8 main.o
 .group         0x00000000        0x8 main.o
 .group         0x00000000        0x8 main.o
 .group         0x00000000        0x8 main.o
 .group         0x00000000        0x8 main.o
 .group         0x00000000        0x8 main.o
 .group         0x00000000        0x8 main.o
 .group         0x00000000        0x8 main.o
 .group         0x00000000        0x8 main.o
 .group         0x00000000        0x8 main.o
 .group         0x00000000        0x8 main.o
 .group         0x00000000        0x8 main.o
 .group         0x00000000        0x8 main.o
 .group         0x00000000        0x8 main.o
 .group         0x00000000        0x8 main.o
 .group         0x00000000        0x8 main.o
 .group         0x00000000        0x8 main.o
 .group         0x00000000        0x8 main.o
 .group         0x00000000        0x8 main.o
 .group         0x00000000        0x8 main.o
 .group         0x00000000        0x8 main.o
 .group         0x00000000        0x8 main.o
 .group         0x00000000        0x8 main.o
 .group         0x00000000        0x8 main.o
 .group         0x00000000        0x8 main.o
 .group         0x00000000        0x8 main.o
 .group         0x00000000        0x8 main.o
 .group         0x00000000        0x8 main.o
 .group         0x00000000        0x8 main.o
 .group         0x00000000        0x8 main.o
 .group         0x00000000        0x8 main.o
 .group         0x00000000        0x8 main.o
 .group         0x00000000        0x8 main.o
 .group         0x00000000        0x8 main.o
 .group         0x00000000        0x8 main.o
 .group         0x00000000        0x8 main.o
 .group         0x00000000        0x8 main.o
 .group         0x00000000        0x8 main.o
 .group         0x00000000        0x8 main.o
 .group         0x00000000        0x8 main.o
 .group         0x00000000        0x8 main.o
 .group         0x00000000        0x8 main.o
 .group         0x00000000        0x8 main.o
 .group         0x00000000        0x8 main.o
 .group         0x00000000        0x8 main.o
 .group         0x00000000        0x8 main.o
 .group         0x00000000        0x8 main.o
 .group         0x00000000        0x8 main.o
 .group         0x00000000        0x8 main.o
 .group         0x00000000        0x8 main.o
 .group         0x00000000        0x8 main.o
 .group         0x00000000        0x8 main.o
 .group         0x00000000        0x8 main.o
 .group         0x00000000        0x8 main.o
 .group         0x00000000        0x8 main.o
 .group         0x00000000        0x8 main.o
 .group         0x00000000        0x8 main.o
 .group         0x00000000        0x8 main.o
 .group         0x00000000        0x8 main.o
 .group         0x00000000        0x8 main.o
 .group         0x00000000        0x8 main.o
 .group         0x00000000        0x8 main.o
 .group         0x00000000        0x8 main.o
 .group         0x00000000        0x8 main.o
 .group         0x00000000        0x8 main.o
 .group         0x00000000        0x8 main.o
 .group         0x00000000        0x8 main.o
 .group         0x00000000        0x8 main.o
 .group         0x00000000        0x8 main.o
 .group         0x00000000        0x8 main.o
 .group         0x00000000        0x8 main.o
 .group         0x00000000        0x8 main.o
 .group         0x00000000        0x8 main.o
 .group         0x00000000        0x8 main.o
 .group         0x00000000        0x8 main.o
 .group         0x00000000        0x8 main.o
 .group         0x00000000        0x8 main.o
 .group         0x00000000        0x8 main.o
 .group         0x00000000        0x8 main.o
 .text          0x00000000        0x0 main.o
 .data          0x00000000        0x0 main.o
 .bss           0x00000000        0x0 main.o
 .debug_macro   0x00000000      0x8b0 main.o
 .debug_macro   0x00000000       0x22 main.o
 .debug_macro   0x00000000       0x87 main.o
 .debug_macro   0x00000000       0x51 main.o
 .debug_macro   0x00000000       0xef main.o
 .debug_macro   0x00000000       0x6a main.o
 .debug_macro   0x00000000      0x1df main.o
 .debug_macro   0x00000000       0x20 main.o
 .debug_macro   0x00000000       0x1c main.o
 .debug_macro   0x00000000       0x22 main.o
 .debug_macro   0x00000000       0xc3 main.o
 .debug_macro   0x00000000      0xe49 main.o
 .debug_macro   0x00000000      0x11f main.o
 .debug_macro   0x00000000      0xa7d main.o
 .debug_macro   0x00000000      0x55a main.o
 .debug_macro   0x00000000      0x1a8 main.o
 .debug_macro   0x00000000      0x30b main.o
 .debug_macro   0x00000000      0x709 main.o
 .debug_macro   0x00000000       0xd6 main.o
 .debug_macro   0x00000000      0x56c main.o
 .debug_macro   0x00000000       0x1c main.o
 .debug_macro   0x00000000      0x678 main.o
 .debug_macro   0x00000000      0x51e main.o
 .debug_macro   0x00000000       0xbe main.o
 .debug_macro   0x00000000     0x2333 main.o
 .debug_macro   0x00000000      0x7d1 main.o
 .debug_macro   0x00000000      0xdbb main.o
 .debug_macro   0x00000000       0x9a main.o
 .debug_macro   0x00000000      0x29c main.o
 .debug_macro   0x00000000       0x58 main.o
 .debug_macro   0x00000000      0x999 main.o
 .debug_macro   0x00000000      0x22d main.o
 .debug_macro   0x00000000      0x4b4 main.o
 .debug_macro   0x00000000      0x64a main.o
 .debug_macro   0x00000000      0x590 main.o
 .debug_macro   0x00000000       0x46 main.o
 .debug_macro   0x00000000      0x33f main.o
 .debug_macro   0x00000000      0x27e main.o
 .debug_macro   0x00000000     0x14dc main.o
 .debug_macro   0x00000000      0x7cf main.o
 .debug_macro   0x00000000       0x76 main.o
 .debug_macro   0x00000000       0x82 main.o
 .debug_macro   0x00000000       0x76 main.o
 .debug_macro   0x00000000       0x4c main.o
 .debug_macro   0x00000000      0x100 main.o
 .debug_macro   0x00000000      0x100 main.o
 .debug_macro   0x00000000      0x100 main.o
 .debug_macro   0x00000000       0x88 main.o
 .debug_macro   0x00000000       0x88 main.o
 .debug_macro   0x00000000      0x3b4 main.o
 .debug_macro   0x00000000       0xbe main.o
 .debug_macro   0x00000000       0xbe main.o
 .debug_macro   0x00000000       0xbe main.o
 .debug_macro   0x00000000       0xbe main.o
 .debug_macro   0x00000000      0x2b8 main.o
 .debug_macro   0x00000000      0x118 main.o
 .debug_macro   0x00000000      0x216 main.o
 .debug_macro   0x00000000      0x216 main.o
 .debug_macro   0x00000000       0x2e main.o
 .debug_macro   0x00000000       0xac main.o
 .debug_macro   0x00000000      0x13e main.o
 .debug_macro   0x00000000       0x7c main.o
 .debug_macro   0x00000000      0x1f6 main.o
 .debug_macro   0x00000000       0x64 main.o
 .debug_macro   0x00000000       0xa6 main.o
 .debug_macro   0x00000000       0x7c main.o
 .debug_macro   0x00000000       0x16 main.o
 .debug_macro   0x00000000       0x22 main.o
 .debug_macro   0x00000000       0x22 main.o
 .debug_macro   0x00000000      0x10c main.o
 .debug_macro   0x00000000      0x10c main.o
 .debug_macro   0x00000000      0x10c main.o
 .debug_macro   0x00000000      0x10c main.o
 .debug_macro   0x00000000       0x1c main.o
 .debug_macro   0x00000000       0x2e main.o
 .debug_macro   0x00000000       0x22 main.o
 .debug_macro   0x00000000       0x1c main.o
 .debug_macro   0x00000000       0x58 main.o
 .debug_macro   0x00000000       0x10 main.o
 .debug_macro   0x00000000      0x27a main.o
 .debug_macro   0x00000000      0xd34 main.o
 .debug_macro   0x00000000      0x170 main.o
 .text          0x00000000        0x0 c:/program files (x86)/atmel/studio/7.0/toolchain/arm/arm-gnu-toolchain/bin/../lib/gcc/arm-none-eabi/6.3.1/../../../../arm-none-eabi/lib/thumb/v7-m\libc.a(lib_a-exit.o)
 .data          0x00000000        0x0 c:/program files (x86)/atmel/studio/7.0/toolchain/arm/arm-gnu-toolchain/bin/../lib/gcc/arm-none-eabi/6.3.1/../../../../arm-none-eabi/lib/thumb/v7-m\libc.a(lib_a-exit.o)
 .bss           0x00000000        0x0 c:/program files (x86)/atmel/studio/7.0/toolchain/arm/arm-gnu-toolchain/bin/../lib/gcc/arm-none-eabi/6.3.1/../../../../arm-none-eabi/lib/thumb/v7-m\libc.a(lib_a-exit.o)
 .text.exit     0x00000000       0x20 c:/program files (x86)/atmel/studio/7.0/toolchain/arm/arm-gnu-toolchain/bin/../lib/gcc/arm-none-eabi/6.3.1/../../../../arm-none-eabi/lib/thumb/v7-m\libc.a(lib_a-exit.o)
 .debug_frame   0x00000000       0x28 c:/program files (x86)/atmel/studio/7.0/toolchain/arm/arm-gnu-toolchain/bin/../lib/gcc/arm-none-eabi/6.3.1/../../../../arm-none-eabi/lib/thumb/v7-m\libc.a(lib_a-exit.o)
 .ARM.attributes
                0x00000000       0x2d c:/program files (x86)/atmel/studio/7.0/toolchain/arm/arm-gnu-toolchain/bin/../lib/gcc/arm-none-eabi/6.3.1/../../../../arm-none-eabi/lib/thumb/v7-m\libc.a(lib_a-exit.o)
 .text          0x00000000        0x0 c:/program files (x86)/atmel/studio/7.0/toolchain/arm/arm-gnu-toolchain/bin/../lib/gcc/arm-none-eabi/6.3.1/../../../../arm-none-eabi/lib/thumb/v7-m\libc.a(lib_a-impure.o)
 .data          0x00000000        0x0 c:/program files (x86)/atmel/studio/7.0/toolchain/arm/arm-gnu-toolchain/bin/../lib/gcc/arm-none-eabi/6.3.1/../../../../arm-none-eabi/lib/thumb/v7-m\libc.a(lib_a-impure.o)
 .bss           0x00000000        0x0 c:/program files (x86)/atmel/studio/7.0/toolchain/arm/arm-gnu-toolchain/bin/../lib/gcc/arm-none-eabi/6.3.1/../../../../arm-none-eabi/lib/thumb/v7-m\libc.a(lib_a-impure.o)
 .data._impure_ptr
                0x00000000        0x4 c:/program files (x86)/atmel/studio/7.0/toolchain/arm/arm-gnu-toolchain/bin/../lib/gcc/arm-none-eabi/6.3.1/../../../../arm-none-eabi/lib/thumb/v7-m\libc.a(lib_a-impure.o)
 .text          0x00000000        0x0 c:/program files (x86)/atmel/studio/7.0/toolchain/arm/arm-gnu-toolchain/bin/../lib/gcc/arm-none-eabi/6.3.1/../../../../arm-none-eabi/lib/thumb/v7-m\libc.a(lib_a-init.o)
 .data          0x00000000        0x0 c:/program files (x86)/atmel/studio/7.0/toolchain/arm/arm-gnu-toolchain/bin/../lib/gcc/arm-none-eabi/6.3.1/../../../../arm-none-eabi/lib/thumb/v7-m\libc.a(lib_a-init.o)
 .bss           0x00000000        0x0 c:/program files (x86)/atmel/studio/7.0/toolchain/arm/arm-gnu-toolchain/bin/../lib/gcc/arm-none-eabi/6.3.1/../../../../arm-none-eabi/lib/thumb/v7-m\libc.a(lib_a-init.o)
 .text          0x00000000        0x0 c:/program files (x86)/atmel/studio/7.0/toolchain/arm/arm-gnu-toolchain/bin/../lib/gcc/arm-none-eabi/6.3.1/../../../../arm-none-eabi/lib/thumb/v7-m\libc.a(lib_a-memset.o)
 .data          0x00000000        0x0 c:/program files (x86)/atmel/studio/7.0/toolchain/arm/arm-gnu-toolchain/bin/../lib/gcc/arm-none-eabi/6.3.1/../../../../arm-none-eabi/lib/thumb/v7-m\libc.a(lib_a-memset.o)
 .bss           0x00000000        0x0 c:/program files (x86)/atmel/studio/7.0/toolchain/arm/arm-gnu-toolchain/bin/../lib/gcc/arm-none-eabi/6.3.1/../../../../arm-none-eabi/lib/thumb/v7-m\libc.a(lib_a-memset.o)
 .text.memset   0x00000000       0x9c c:/program files (x86)/atmel/studio/7.0/toolchain/arm/arm-gnu-toolchain/bin/../lib/gcc/arm-none-eabi/6.3.1/../../../../arm-none-eabi/lib/thumb/v7-m\libc.a(lib_a-memset.o)
 .debug_frame   0x00000000       0x34 c:/program files (x86)/atmel/studio/7.0/toolchain/arm/arm-gnu-toolchain/bin/../lib/gcc/arm-none-eabi/6.3.1/../../../../arm-none-eabi/lib/thumb/v7-m\libc.a(lib_a-memset.o)
 .ARM.attributes
                0x00000000       0x2d c:/program files (x86)/atmel/studio/7.0/toolchain/arm/arm-gnu-toolchain/bin/../lib/gcc/arm-none-eabi/6.3.1/../../../../arm-none-eabi/lib/thumb/v7-m\libc.a(lib_a-memset.o)
 .text          0x00000000        0x0 c:/program files (x86)/atmel/studio/7.0/toolchain/arm/arm-gnu-toolchain/bin/../lib/gcc/arm-none-eabi/6.3.1/../../../../arm-none-eabi/lib/thumb/v7-m\libc.a(lib_a-__call_atexit.o)
 .data          0x00000000        0x0 c:/program files (x86)/atmel/studio/7.0/toolchain/arm/arm-gnu-toolchain/bin/../lib/gcc/arm-none-eabi/6.3.1/../../../../arm-none-eabi/lib/thumb/v7-m\libc.a(lib_a-__call_atexit.o)
 .bss           0x00000000        0x0 c:/program files (x86)/atmel/studio/7.0/toolchain/arm/arm-gnu-toolchain/bin/../lib/gcc/arm-none-eabi/6.3.1/../../../../arm-none-eabi/lib/thumb/v7-m\libc.a(lib_a-__call_atexit.o)
 .text.__call_exitprocs
                0x00000000       0xe8 c:/program files (x86)/atmel/studio/7.0/toolchain/arm/arm-gnu-toolchain/bin/../lib/gcc/arm-none-eabi/6.3.1/../../../../arm-none-eabi/lib/thumb/v7-m\libc.a(lib_a-__call_atexit.o)
 .text          0x00000000        0x0 c:/program files (x86)/atmel/studio/7.0/toolchain/arm/arm-gnu-toolchain/bin/../lib/gcc/arm-none-eabi/6.3.1/../../../../arm-none-eabi/lib/thumb/v7-m\libc.a(lib_a-atexit.o)
 .data          0x00000000        0x0 c:/program files (x86)/atmel/studio/7.0/toolchain/arm/arm-gnu-toolchain/bin/../lib/gcc/arm-none-eabi/6.3.1/../../../../arm-none-eabi/lib/thumb/v7-m\libc.a(lib_a-atexit.o)
 .bss           0x00000000        0x0 c:/program files (x86)/atmel/studio/7.0/toolchain/arm/arm-gnu-toolchain/bin/../lib/gcc/arm-none-eabi/6.3.1/../../../../arm-none-eabi/lib/thumb/v7-m\libc.a(lib_a-atexit.o)
 .text          0x00000000        0x0 c:/program files (x86)/atmel/studio/7.0/toolchain/arm/arm-gnu-toolchain/bin/../lib/gcc/arm-none-eabi/6.3.1/../../../../arm-none-eabi/lib/thumb/v7-m\libc.a(lib_a-fini.o)
 .data          0x00000000        0x0 c:/program files (x86)/atmel/studio/7.0/toolchain/arm/arm-gnu-toolchain/bin/../lib/gcc/arm-none-eabi/6.3.1/../../../../arm-none-eabi/lib/thumb/v7-m\libc.a(lib_a-fini.o)
 .bss           0x00000000        0x0 c:/program files (x86)/atmel/studio/7.0/toolchain/arm/arm-gnu-toolchain/bin/../lib/gcc/arm-none-eabi/6.3.1/../../../../arm-none-eabi/lib/thumb/v7-m\libc.a(lib_a-fini.o)
 .text          0x00000000        0x0 c:/program files (x86)/atmel/studio/7.0/toolchain/arm/arm-gnu-toolchain/bin/../lib/gcc/arm-none-eabi/6.3.1/../../../../arm-none-eabi/lib/thumb/v7-m\libc.a(lib_a-lock.o)
 .data          0x00000000        0x0 c:/program files (x86)/atmel/studio/7.0/toolchain/arm/arm-gnu-toolchain/bin/../lib/gcc/arm-none-eabi/6.3.1/../../../../arm-none-eabi/lib/thumb/v7-m\libc.a(lib_a-lock.o)
 .bss           0x00000000        0x0 c:/program files (x86)/atmel/studio/7.0/toolchain/arm/arm-gnu-toolchain/bin/../lib/gcc/arm-none-eabi/6.3.1/../../../../arm-none-eabi/lib/thumb/v7-m\libc.a(lib_a-lock.o)
 .text.__retarget_lock_init
                0x00000000        0x4 c:/program files (x86)/atmel/studio/7.0/toolchain/arm/arm-gnu-toolchain/bin/../lib/gcc/arm-none-eabi/6.3.1/../../../../arm-none-eabi/lib/thumb/v7-m\libc.a(lib_a-lock.o)
 .text.__retarget_lock_init_recursive
                0x00000000        0x4 c:/program files (x86)/atmel/studio/7.0/toolchain/arm/arm-gnu-toolchain/bin/../lib/gcc/arm-none-eabi/6.3.1/../../../../arm-none-eabi/lib/thumb/v7-m\libc.a(lib_a-lock.o)
 .text.__retarget_lock_close
                0x00000000        0x4 c:/program files (x86)/atmel/studio/7.0/toolchain/arm/arm-gnu-toolchain/bin/../lib/gcc/arm-none-eabi/6.3.1/../../../../arm-none-eabi/lib/thumb/v7-m\libc.a(lib_a-lock.o)
 .text.__retarget_lock_close_recursive
                0x00000000        0x4 c:/program files (x86)/atmel/studio/7.0/toolchain/arm/arm-gnu-toolchain/bin/../lib/gcc/arm-none-eabi/6.3.1/../../../../arm-none-eabi/lib/thumb/v7-m\libc.a(lib_a-lock.o)
 .text.__retarget_lock_acquire
                0x00000000        0x4 c:/program files (x86)/atmel/studio/7.0/toolchain/arm/arm-gnu-toolchain/bin/../lib/gcc/arm-none-eabi/6.3.1/../../../../arm-none-eabi/lib/thumb/v7-m\libc.a(lib_a-lock.o)
 .text.__retarget_lock_try_acquire
                0x00000000        0x4 c:/program files (x86)/atmel/studio/7.0/toolchain/arm/arm-gnu-toolchain/bin/../lib/gcc/arm-none-eabi/6.3.1/../../../../arm-none-eabi/lib/thumb/v7-m\libc.a(lib_a-lock.o)
 .text.__retarget_lock_try_acquire_recursive
                0x00000000        0x4 c:/program files (x86)/atmel/studio/7.0/toolchain/arm/arm-gnu-toolchain/bin/../lib/gcc/arm-none-eabi/6.3.1/../../../../arm-none-eabi/lib/thumb/v7-m\libc.a(lib_a-lock.o)
 .text.__retarget_lock_release
                0x00000000        0x4 c:/program files (x86)/atmel/studio/7.0/toolchain/arm/arm-gnu-toolchain/bin/../lib/gcc/arm-none-eabi/6.3.1/../../../../arm-none-eabi/lib/thumb/v7-m\libc.a(lib_a-lock.o)
 .text          0x00000000        0x0 c:/program files (x86)/atmel/studio/7.0/toolchain/arm/arm-gnu-toolchain/bin/../lib/gcc/arm-none-eabi/6.3.1/../../../../arm-none-eabi/lib/thumb/v7-m\libc.a(lib_a-__atexit.o)
 .data          0x00000000        0x0 c:/program files (x86)/atmel/studio/7.0/toolchain/arm/arm-gnu-toolchain/bin/../lib/gcc/arm-none-eabi/6.3.1/../../../../arm-none-eabi/lib/thumb/v7-m\libc.a(lib_a-__atexit.o)
 .bss           0x00000000        0x0 c:/program files (x86)/atmel/studio/7.0/toolchain/arm/arm-gnu-toolchain/bin/../lib/gcc/arm-none-eabi/6.3.1/../../../../arm-none-eabi/lib/thumb/v7-m\libc.a(lib_a-__atexit.o)
 .text          0x00000000        0x0 c:/program files (x86)/atmel/studio/7.0/toolchain/arm/arm-gnu-toolchain/bin/../lib/gcc/arm-none-eabi/6.3.1/thumb/v7-m/crtend.o
 .data          0x00000000        0x0 c:/program files (x86)/atmel/studio/7.0/toolchain/arm/arm-gnu-toolchain/bin/../lib/gcc/arm-none-eabi/6.3.1/thumb/v7-m/crtend.o
 .bss           0x00000000        0x0 c:/program files (x86)/atmel/studio/7.0/toolchain/arm/arm-gnu-toolchain/bin/../lib/gcc/arm-none-eabi/6.3.1/thumb/v7-m/crtend.o
 .eh_frame      0x00000000        0x4 c:/program files (x86)/atmel/studio/7.0/toolchain/arm/arm-gnu-toolchain/bin/../lib/gcc/arm-none-eabi/6.3.1/thumb/v7-m/crtend.o
 .jcr           0x00000000        0x4 c:/program files (x86)/atmel/studio/7.0/toolchain/arm/arm-gnu-toolchain/bin/../lib/gcc/arm-none-eabi/6.3.1/thumb/v7-m/crtend.o
 .ARM.attributes
                0x00000000       0x2d c:/program files (x86)/atmel/studio/7.0/toolchain/arm/arm-gnu-toolchain/bin/../lib/gcc/arm-none-eabi/6.3.1/thumb/v7-m/crtend.o
 .text          0x00000000        0x0 c:/program files (x86)/atmel/studio/7.0/toolchain/arm/arm-gnu-toolchain/bin/../lib/gcc/arm-none-eabi/6.3.1/thumb/v7-m/crtn.o
 .data          0x00000000        0x0 c:/program files (x86)/atmel/studio/7.0/toolchain/arm/arm-gnu-toolchain/bin/../lib/gcc/arm-none-eabi/6.3.1/thumb/v7-m/crtn.o
 .bss           0x00000000        0x0 c:/program files (x86)/atmel/studio/7.0/toolchain/arm/arm-gnu-toolchain/bin/../lib/gcc/arm-none-eabi/6.3.1/thumb/v7-m/crtn.o

Memory Configuration

Name             Origin             Length             Attributes
rom              0x00080000         0x00080000         xr
ram              0x20000000         0x00018000         xrw
*default*        0x00000000         0xffffffff

Linker script and memory map

LOAD c:/program files (x86)/atmel/studio/7.0/toolchain/arm/arm-gnu-toolchain/bin/../lib/gcc/arm-none-eabi/6.3.1/thumb/v7-m/crti.o
LOAD c:/program files (x86)/atmel/studio/7.0/toolchain/arm/arm-gnu-toolchain/bin/../lib/gcc/arm-none-eabi/6.3.1/thumb/v7-m/crtbegin.o
LOAD c:/program files (x86)/atmel/studio/7.0/toolchain/arm/arm-gnu-toolchain/bin/../lib/gcc/arm-none-eabi/6.3.1/../../../../arm-none-eabi/lib/thumb/v7-m/crt0.o
LOAD Device_Startup/startup_sam3xa.o
LOAD Device_Startup/system_sam3xa.o
LOAD main.o
START GROUP
LOAD c:/program files (x86)/atmel/studio/7.0/toolchain/arm/arm-gnu-toolchain/bin/../lib/gcc/arm-none-eabi/6.3.1/../../../../arm-none-eabi/lib/thumb/v7-m\libm.a
END GROUP
START GROUP
LOAD c:/program files (x86)/atmel/studio/7.0/toolchain/arm/arm-gnu-toolchain/bin/../lib/gcc/arm-none-eabi/6.3.1/thumb/v7-m\libgcc.a
LOAD c:/program files (x86)/atmel/studio/7.0/toolchain/arm/arm-gnu-toolchain/bin/../lib/gcc/arm-none-eabi/6.3.1/../../../../arm-none-eabi/lib/thumb/v7-m\libc.a
END GROUP
LOAD c:/program files (x86)/atmel/studio/7.0/toolchain/arm/arm-gnu-toolchain/bin/../lib/gcc/arm-none-eabi/6.3.1/thumb/v7-m/crtend.o
LOAD c:/program files (x86)/atmel/studio/7.0/toolchain/arm/arm-gnu-toolchain/bin/../lib/gcc/arm-none-eabi/6.3.1/thumb/v7-m/crtn.o
                0x00000400                STACK_SIZE = DEFINED (STACK_SIZE)?STACK_SIZE:0x400
                0x00000200                HEAP_SIZE = DEFINED (HEAP_SIZE)?HEAP_SIZE:0x200

.text           0x00080000      0x428
                0x00080000                . = ALIGN (0x4)
                0x00080000                _sfixed = .
 *(.vectors .vectors.*)
 .vectors       0x00080000       0xf4 Device_Startup/startup_sam3xa.o
                0x00080000                exception_table
 *(.text .text.* .gnu.linkonce.t.*)
 .text          0x000800f4       0x6c c:/program files (x86)/atmel/studio/7.0/toolchain/arm/arm-gnu-toolchain/bin/../lib/gcc/arm-none-eabi/6.3.1/thumb/v7-m/crtbegin.o
 .text.Dummy_Handler
                0x00080160        0x2 Device_Startup/startup_sam3xa.o
                0x00080160                DACC_Handler
                0x00080160                DebugMon_Handler
                0x00080160                DMAC_Handler
                0x00080160                TRNG_Handler
                0x00080160                HardFault_Handler
                0x00080160                TC2_Handler
                0x00080160                SysTick_Handler
                0x00080160                USART3_Handler
                0x00080160                TWI1_Handler
                0x00080160                PendSV_Handler
                0x00080160                NMI_Handler
                0x00080160                TC7_Handler
                0x00080160                ADC_Handler
                0x00080160                SMC_Handler
                0x00080160                USART0_Handler
                0x00080160                RTT_Handler
                0x00080160                EFC1_Handler
                0x00080160                PIOB_Handler
                0x00080160                RTC_Handler
                0x00080160                UsageFault_Handler
                0x00080160                TC6_Handler
                0x00080160                WDT_Handler
                0x00080160                CAN0_Handler
                0x00080160                TC4_Handler
                0x00080160                TC1_Handler
                0x00080160                HSMCI_Handler
                0x00080160                TC3_Handler
                0x00080160                Dummy_Handler
                0x00080160                TWI0_Handler
                0x00080160                USART1_Handler
                0x00080160                PIOA_Handler
                0x00080160                SSC_Handler
                0x00080160                EFC0_Handler
                0x00080160                PMC_Handler
                0x00080160                PWM_Handler
                0x00080160                CAN1_Handler
                0x00080160                MemManage_Handler
                0x00080160                SUPC_Handler
                0x00080160                SVC_Handler
                0x00080160                TC8_Handler
                0x00080160                USART2_Handler
                0x00080160                PIOD_Handler
                0x00080160                EMAC_Handler
                0x00080160                UART_Handler
                0x00080160                PIOC_Handler
                0x00080160                BusFault_Handler
                0x00080160                RSTC_Handler
                0x00080160                TC0_Handler
                0x00080160                TC5_Handler
                0x00080160                UOTGHS_Handler
                0x00080160                SPI0_Handler
 *fill*         0x00080162        0x2 
 .text.Reset_Handler
                0x00080164       0x6c Device_Startup/startup_sam3xa.o
                0x00080164                Reset_Handler
 .text.SystemInit
                0x000801d0       0xa4 Device_Startup/system_sam3xa.o
                0x000801d0                SystemInit
 .text.main     0x00080274       0x1c main.o
                0x00080274                main
 .text.__libc_init_array
                0x00080290       0x50 c:/program files (x86)/atmel/studio/7.0/toolchain/arm/arm-gnu-toolchain/bin/../lib/gcc/arm-none-eabi/6.3.1/../../../../arm-none-eabi/lib/thumb/v7-m\libc.a(lib_a-init.o)
                0x00080290                __libc_init_array
 .text.startup.register_fini
                0x000802e0       0x14 c:/program files (x86)/atmel/studio/7.0/toolchain/arm/arm-gnu-toolchain/bin/../lib/gcc/arm-none-eabi/6.3.1/../../../../arm-none-eabi/lib/thumb/v7-m\libc.a(lib_a-__call_atexit.o)
 .text.atexit   0x000802f4        0xc c:/program files (x86)/atmel/studio/7.0/toolchain/arm/arm-gnu-toolchain/bin/../lib/gcc/arm-none-eabi/6.3.1/../../../../arm-none-eabi/lib/thumb/v7-m\libc.a(lib_a-atexit.o)
                0x000802f4                atexit
 .text.__libc_fini_array
                0x00080300       0x34 c:/program files (x86)/atmel/studio/7.0/toolchain/arm/arm-gnu-toolchain/bin/../lib/gcc/arm-none-eabi/6.3.1/../../../../arm-none-eabi/lib/thumb/v7-m\libc.a(lib_a-fini.o)
                0x00080300                __libc_fini_array
 .text.__retarget_lock_acquire_recursive
                0x00080334        0x4 c:/program files (x86)/atmel/studio/7.0/toolchain/arm/arm-gnu-toolchain/bin/../lib/gcc/arm-none-eabi/6.3.1/../../../../arm-none-eabi/lib/thumb/v7-m\libc.a(lib_a-lock.o)
                0x00080334                __retarget_lock_acquire_recursive
 .text.__retarget_lock_release_recursive
                0x00080338        0x4 c:/program files (x86)/atmel/studio/7.0/toolchain/arm/arm-gnu-toolchain/bin/../lib/gcc/arm-none-eabi/6.3.1/../../../../arm-none-eabi/lib/thumb/v7-m\libc.a(lib_a-lock.o)
                0x00080338                __retarget_lock_release_recursive
 .text.__register_exitproc
                0x0008033c       0xc4 c:/program files (x86)/atmel/studio/7.0/toolchain/arm/arm-gnu-toolchain/bin/../lib/gcc/arm-none-eabi/6.3.1/../../../../arm-none-eabi/lib/thumb/v7-m\libc.a(lib_a-__atexit.o)
                0x0008033c                __register_exitproc
 *(.glue_7t)
 .glue_7t       0x00080400        0x0 linker stubs
 *(.glue_7)
 .glue_7        0x00080400        0x0 linker stubs
 *(.rodata .rodata* .gnu.linkonce.r.*)
 .rodata._global_impure_ptr
                0x00080400        0x4 c:/program files (x86)/atmel/studio/7.0/toolchain/arm/arm-gnu-toolchain/bin/../lib/gcc/arm-none-eabi/6.3.1/../../../../arm-none-eabi/lib/thumb/v7-m\libc.a(lib_a-impure.o)
                0x00080400                _global_impure_ptr
 *(.ARM.extab* .gnu.linkonce.armextab.*)
                0x00080404                . = ALIGN (0x4)
 *(.init)
 .init          0x00080404        0x4 c:/program files (x86)/atmel/studio/7.0/toolchain/arm/arm-gnu-toolchain/bin/../lib/gcc/arm-none-eabi/6.3.1/thumb/v7-m/crti.o
                0x00080404                _init
 .init          0x00080408        0x8 c:/program files (x86)/atmel/studio/7.0/toolchain/arm/arm-gnu-toolchain/bin/../lib/gcc/arm-none-eabi/6.3.1/thumb/v7-m/crtn.o
                0x00080410                . = ALIGN (0x4)
                0x00080410                __preinit_array_start = .
 *(.preinit_array)
                0x00080410                __preinit_array_end = .
                0x00080410                . = ALIGN (0x4)
                0x00080410                __init_array_start = .
 *(SORT(.init_array.*))
 .init_array.00000
                0x00080410        0x4 c:/program files (x86)/atmel/studio/7.0/toolchain/arm/arm-gnu-toolchain/bin/../lib/gcc/arm-none-eabi/6.3.1/../../../../arm-none-eabi/lib/thumb/v7-m\libc.a(lib_a-__call_atexit.o)
 *(.init_array)
 .init_array    0x00080414        0x4 c:/program files (x86)/atmel/studio/7.0/toolchain/arm/arm-gnu-toolchain/bin/../lib/gcc/arm-none-eabi/6.3.1/thumb/v7-m/crtbegin.o
                0x00080418                __init_array_end = .
                0x00080418                . = ALIGN (0x4)
 *crtbegin.o(.ctors)
 *(EXCLUDE_FILE(*crtend.o) .ctors)
 *(SORT(.ctors.*))
 *crtend.o(.ctors)
                0x00080418                . = ALIGN (0x4)
 *(.fini)
 .fini          0x00080418        0x4 c:/program files (x86)/atmel/studio/7.0/toolchain/arm/arm-gnu-toolchain/bin/../lib/gcc/arm-none-eabi/6.3.1/thumb/v7-m/crti.o
                0x00080418                _fini
 .fini          0x0008041c        0x8 c:/program files (x86)/atmel/studio/7.0/toolchain/arm/arm-gnu-toolchain/bin/../lib/gcc/arm-none-eabi/6.3.1/thumb/v7-m/crtn.o
                0x00080424                . = ALIGN (0x4)
                0x00080424                __fini_array_start = .
 *(.fini_array)
 .fini_array    0x00080424        0x4 c:/program files (x86)/atmel/studio/7.0/toolchain/arm/arm-gnu-toolchain/bin/../lib/gcc/arm-none-eabi/6.3.1/thumb/v7-m/crtbegin.o
 *(SORT(.fini_array.*))
                0x00080428                __fini_array_end = .
 *crtbegin.o(.dtors)
 *(EXCLUDE_FILE(*crtend.o) .dtors)
 *(SORT(.dtors.*))
 *crtend.o(.dtors)
                0x00080428                . = ALIGN (0x4)
                0x00080428                _efixed = .
                [!provide]                PROVIDE (__exidx_start, .)

.vfp11_veneer   0x00080428        0x0
 .vfp11_veneer  0x00080428        0x0 linker stubs

.v4_bx          0x00080428        0x0
 .v4_bx         0x00080428        0x0 linker stubs

.iplt           0x00080428        0x0
 .iplt          0x00080428        0x0 c:/program files (x86)/atmel/studio/7.0/toolchain/arm/arm-gnu-toolchain/bin/../lib/gcc/arm-none-eabi/6.3.1/thumb/v7-m/crtbegin.o

.eh_frame       0x00080428        0x0
 .eh_frame      0x00080428        0x0 c:/program files (x86)/atmel/studio/7.0/toolchain/arm/arm-gnu-toolchain/bin/../lib/gcc/arm-none-eabi/6.3.1/thumb/v7-m/crtbegin.o

.rel.dyn        0x00080428        0x0
 .rel.iplt      0x00080428        0x0 c:/program files (x86)/atmel/studio/7.0/toolchain/arm/arm-gnu-toolchain/bin/../lib/gcc/arm-none-eabi/6.3.1/thumb/v7-m/crtbegin.o

.jcr            0x00080428        0x0
 .jcr           0x00080428        0x0 c:/program files (x86)/atmel/studio/7.0/toolchain/arm/arm-gnu-toolchain/bin/../lib/gcc/arm-none-eabi/6.3.1/thumb/v7-m/crtbegin.o

.igot.plt       0x00080428        0x0
 .igot.plt      0x00080428        0x0 c:/program files (x86)/atmel/studio/7.0/toolchain/arm/arm-gnu-toolchain/bin/../lib/gcc/arm-none-eabi/6.3.1/thumb/v7-m/crtbegin.o

.ARM.exidx
 *(.ARM.exidx* .gnu.linkonce.armexidx.*)
                [!provide]                PROVIDE (__exidx_end, .)
                0x00080428                . = ALIGN (0x4)
                0x00080428                _etext = .

.relocate       0x20000000      0x434 load address 0x00080428
                0x20000000                . = ALIGN (0x4)
                0x20000000                _srelocate = .
 *(.ramfunc .ramfunc.*)
 *(.data .data.*)
 .data          0x20000000        0x4 Device_Startup/system_sam3xa.o
                0x20000000                SystemCoreClock
 *fill*         0x20000004        0x4 
 .data.impure_data
                0x20000008      0x428 c:/program files (x86)/atmel/studio/7.0/toolchain/arm/arm-gnu-toolchain/bin/../lib/gcc/arm-none-eabi/6.3.1/../../../../arm-none-eabi/lib/thumb/v7-m\libc.a(lib_a-impure.o)
 .data.__atexit_recursive_mutex
                0x20000430        0x4 c:/program files (x86)/atmel/studio/7.0/toolchain/arm/arm-gnu-toolchain/bin/../lib/gcc/arm-none-eabi/6.3.1/../../../../arm-none-eabi/lib/thumb/v7-m\libc.a(lib_a-__call_atexit.o)
                0x20000430                __atexit_recursive_mutex
                0x20000434                . = ALIGN (0x4)
                0x20000434                _erelocate = .

.bss            0x20000434       0x40 load address 0x0008085c
                0x20000434                . = ALIGN (0x4)
                0x20000434                _sbss = .
                0x20000434                _szero = .
 *(.bss .bss.*)
 .bss           0x20000434       0x1c c:/program files (x86)/atmel/studio/7.0/toolchain/arm/arm-gnu-toolchain/bin/../lib/gcc/arm-none-eabi/6.3.1/thumb/v7-m/crtbegin.o
 *(COMMON)
 COMMON         0x20000450       0x21 c:/program files (x86)/atmel/studio/7.0/toolchain/arm/arm-gnu-toolchain/bin/../lib/gcc/arm-none-eabi/6.3.1/../../../../arm-none-eabi/lib/thumb/v7-m\libc.a(lib_a-lock.o)
                0x20000450                __lock___atexit_recursive_mutex
                0x20000454                __lock___arc4random_mutex
                0x20000458                __lock___env_recursive_mutex
                0x2000045c                __lock___sinit_recursive_mutex
                0x20000460                __lock___malloc_recursive_mutex
                0x20000464                __lock___at_quick_exit_mutex
                0x20000468                __lock___dd_hash_mutex
                0x2000046c                __lock___tz_mutex
                0x20000470                __lock___sfp_recursive_mutex
                0x20000474                . = ALIGN (0x4)
 *fill*         0x20000471        0x3 
                0x20000474                _ebss = .
                0x20000474                _ezero = .

.stack          0x20000474      0x404 load address 0x0008089c
                0x20000478                . = ALIGN (0x8)
 *fill*         0x20000474        0x4 
                0x20000478                _sstack = .
                0x20000878                . = (. + STACK_SIZE)
 *fill*         0x20000478      0x400 
                0x20000878                . = ALIGN (0x8)
                0x20000878                _estack = .

.heap           0x20000878      0x200 load address 0x00080ca0
                0x20000878                . = ALIGN (0x8)
                0x20000878                _sheap = .
                0x20000a78                . = (. + HEAP_SIZE)
 *fill*         0x20000878      0x200 
                0x20000a78                . = ALIGN (0x8)
                0x20000a78                _eheap = .
                0x20000a78                . = ALIGN (0x4)
                0x20000a78                _end = .
                0x20017fff                _ram_end_ = ((ORIGIN (ram) + LENGTH (ram)) - 0x1)
OUTPUT(Node2.elf elf32-littlearm)

.ARM.attributes
                0x00000000       0x29
 .ARM.attributes
                0x00000000       0x1d c:/program files (x86)/atmel/studio/7.0/toolchain/arm/arm-gnu-toolchain/bin/../lib/gcc/arm-none-eabi/6.3.1/thumb/v7-m/crti.o
 .ARM.attributes
                0x0000001d       0x2d c:/program files (x86)/atmel/studio/7.0/toolchain/arm/arm-gnu-toolchain/bin/../lib/gcc/arm-none-eabi/6.3.1/thumb/v7-m/crtbegin.o
 .ARM.attributes
                0x0000004a       0x33 Device_Startup/startup_sam3xa.o
 .ARM.attributes
                0x0000007d       0x33 Device_Startup/system_sam3xa.o
 .ARM.attributes
                0x000000b0       0x33 main.o
 .ARM.attributes
                0x000000e3       0x2d c:/program files (x86)/atmel/studio/7.0/toolchain/arm/arm-gnu-toolchain/bin/../lib/gcc/arm-none-eabi/6.3.1/../../../../arm-none-eabi/lib/thumb/v7-m\libc.a(lib_a-impure.o)
 .ARM.attributes
                0x00000110       0x2d c:/program files (x86)/atmel/studio/7.0/toolchain/arm/arm-gnu-toolchain/bin/../lib/gcc/arm-none-eabi/6.3.1/../../../../arm-none-eabi/lib/thumb/v7-m\libc.a(lib_a-init.o)
 .ARM.attributes
                0x0000013d       0x2d c:/program files (x86)/atmel/studio/7.0/toolchain/arm/arm-gnu-toolchain/bin/../lib/gcc/arm-none-eabi/6.3.1/../../../../arm-none-eabi/lib/thumb/v7-m\libc.a(lib_a-__call_atexit.o)
 .ARM.attributes
                0x0000016a       0x2d c:/program files (x86)/atmel/studio/7.0/toolchain/arm/arm-gnu-toolchain/bin/../lib/gcc/arm-none-eabi/6.3.1/../../../../arm-none-eabi/lib/thumb/v7-m\libc.a(lib_a-atexit.o)
 .ARM.attributes
                0x00000197       0x2d c:/program files (x86)/atmel/studio/7.0/toolchain/arm/arm-gnu-toolchain/bin/../lib/gcc/arm-none-eabi/6.3.1/../../../../arm-none-eabi/lib/thumb/v7-m\libc.a(lib_a-fini.o)
 .ARM.attributes
                0x000001c4       0x2d c:/program files (x86)/atmel/studio/7.0/toolchain/arm/arm-gnu-toolchain/bin/../lib/gcc/arm-none-eabi/6.3.1/../../../../arm-none-eabi/lib/thumb/v7-m\libc.a(lib_a-lock.o)
 .ARM.attributes
                0x000001f1       0x2d c:/program files (x86)/atmel/studio/7.0/toolchain/arm/arm-gnu-toolchain/bin/../lib/gcc/arm-none-eabi/6.3.1/../../../../arm-none-eabi/lib/thumb/v7-m\libc.a(lib_a-__atexit.o)
 .ARM.attributes
                0x0000021e       0x1d c:/program files (x86)/atmel/studio/7.0/toolchain/arm/arm-gnu-toolchain/bin/../lib/gcc/arm-none-eabi/6.3.1/thumb/v7-m/crtn.o

.comment        0x00000000       0x59
 .comment       0x00000000       0x59 Device_Startup/startup_sam3xa.o
                                 0x5a (size before relaxing)
 .comment       0x00000059       0x5a Device_Startup/system_sam3xa.o
 .comment       0x00000059       0x5a main.o

.debug_info     0x00000000     0x193d
 .debug_info    0x00000000      0x74e Device_Startup/startup_sam3xa.o
 .debug_info    0x0000074e      0x444 Device_Startup/system_sam3xa.o
 .debug_info    0x00000b92      0xdab main.o

.debug_abbrev   0x00000000      0x418
 .debug_abbrev  0x00000000      0x153 Device_Startup/startup_sam3xa.o
 .debug_abbrev  0x00000153      0x102 Device_Startup/system_sam3xa.o
 .debug_abbrev  0x00000255      0x1c3 main.o

.debug_loc      0x00000000       0x98
 .debug_loc     0x00000000       0x78 Device_Startup/startup_sam3xa.o
 .debug_loc     0x00000078       0x20 main.o

.debug_aranges  0x00000000       0x78
 .debug_aranges
                0x00000000       0x28 Device_Startup/startup_sam3xa.o
 .debug_aranges
                0x00000028       0x30 Device_Startup/system_sam3xa.o
 .debug_aranges
                0x00000058       0x20 main.o

.debug_ranges   0x00000000       0x48
 .debug_ranges  0x00000000       0x18 Device_Startup/startup_sam3xa.o
 .debug_ranges  0x00000018       0x20 Device_Startup/system_sam3xa.o
 .debug_ranges  0x00000038       0x10 main.o

.debug_macro    0x00000000    0x110d8
 .debug_macro   0x00000000      0x371 Device_Startup/startup_sam3xa.o
 .debug_macro   0x00000371      0x8b0 Device_Startup/startup_sam3xa.o
 .debug_macro   0x00000c21       0x22 Device_Startup/startup_sam3xa.o
 .debug_macro   0x00000c43       0x87 Device_Startup/startup_sam3xa.o
 .debug_macro   0x00000cca       0x51 Device_Startup/startup_sam3xa.o
 .debug_macro   0x00000d1b       0xef Device_Startup/startup_sam3xa.o
 .debug_macro   0x00000e0a       0x6a Device_Startup/startup_sam3xa.o
 .debug_macro   0x00000e74      0x1df Device_Startup/startup_sam3xa.o
 .debug_macro   0x00001053       0x20 Device_Startup/startup_sam3xa.o
 .debug_macro   0x00001073       0x1c Device_Startup/startup_sam3xa.o
 .debug_macro   0x0000108f       0x22 Device_Startup/startup_sam3xa.o
 .debug_macro   0x000010b1       0xc3 Device_Startup/startup_sam3xa.o
 .debug_macro   0x00001174      0xe49 Device_Startup/startup_sam3xa.o
 .debug_macro   0x00001fbd      0x11f Device_Startup/startup_sam3xa.o
 .debug_macro   0x000020dc      0xa7d Device_Startup/startup_sam3xa.o
 .debug_macro   0x00002b59      0x55a Device_Startup/startup_sam3xa.o
 .debug_macro   0x000030b3      0x1a8 Device_Startup/startup_sam3xa.o
 .debug_macro   0x0000325b      0x30b Device_Startup/startup_sam3xa.o
 .debug_macro   0x00003566      0x709 Device_Startup/startup_sam3xa.o
 .debug_macro   0x00003c6f       0xd6 Device_Startup/startup_sam3xa.o
 .debug_macro   0x00003d45      0x56c Device_Startup/startup_sam3xa.o
 .debug_macro   0x000042b1       0x1c Device_Startup/startup_sam3xa.o
 .debug_macro   0x000042cd      0x678 Device_Startup/startup_sam3xa.o
 .debug_macro   0x00004945      0x51e Device_Startup/startup_sam3xa.o
 .debug_macro   0x00004e63       0xbe Device_Startup/startup_sam3xa.o
 .debug_macro   0x00004f21     0x2333 Device_Startup/startup_sam3xa.o
 .debug_macro   0x00007254      0x7d1 Device_Startup/startup_sam3xa.o
 .debug_macro   0x00007a25      0xdbb Device_Startup/startup_sam3xa.o
 .debug_macro   0x000087e0       0x9a Device_Startup/startup_sam3xa.o
 .debug_macro   0x0000887a      0x29c Device_Startup/startup_sam3xa.o
 .debug_macro   0x00008b16       0x58 Device_Startup/startup_sam3xa.o
 .debug_macro   0x00008b6e      0x999 Device_Startup/startup_sam3xa.o
 .debug_macro   0x00009507      0x22d Device_Startup/startup_sam3xa.o
 .debug_macro   0x00009734      0x4b4 Device_Startup/startup_sam3xa.o
 .debug_macro   0x00009be8      0x64a Device_Startup/startup_sam3xa.o
 .debug_macro   0x0000a232      0x590 Device_Startup/startup_sam3xa.o
 .debug_macro   0x0000a7c2       0x46 Device_Startup/startup_sam3xa.o
 .debug_macro   0x0000a808      0x33f Device_Startup/startup_sam3xa.o
 .debug_macro   0x0000ab47      0x27e Device_Startup/startup_sam3xa.o
 .debug_macro   0x0000adc5     0x14dc Device_Startup/startup_sam3xa.o
 .debug_macro   0x0000c2a1      0x7cf Device_Startup/startup_sam3xa.o
 .debug_macro   0x0000ca70       0x76 Device_Startup/startup_sam3xa.o
 .debug_macro   0x0000cae6       0x82 Device_Startup/startup_sam3xa.o
 .debug_macro   0x0000cb68       0x76 Device_Startup/startup_sam3xa.o
 .debug_macro   0x0000cbde       0x4c Device_Startup/startup_sam3xa.o
 .debug_macro   0x0000cc2a      0x100 Device_Startup/startup_sam3xa.o
 .debug_macro   0x0000cd2a      0x100 Device_Startup/startup_sam3xa.o
 .debug_macro   0x0000ce2a      0x100 Device_Startup/startup_sam3xa.o
 .debug_macro   0x0000cf2a       0x88 Device_Startup/startup_sam3xa.o
 .debug_macro   0x0000cfb2       0x88 Device_Startup/startup_sam3xa.o
 .debug_macro   0x0000d03a      0x3b4 Device_Startup/startup_sam3xa.o
 .debug_macro   0x0000d3ee       0xbe Device_Startup/startup_sam3xa.o
 .debug_macro   0x0000d4ac       0xbe Device_Startup/startup_sam3xa.o
 .debug_macro   0x0000d56a       0xbe Device_Startup/startup_sam3xa.o
 .debug_macro   0x0000d628       0xbe Device_Startup/startup_sam3xa.o
 .debug_macro   0x0000d6e6      0x2b8 Device_Startup/startup_sam3xa.o
 .debug_macro   0x0000d99e      0x118 Device_Startup/startup_sam3xa.o
 .debug_macro   0x0000dab6      0x216 Device_Startup/startup_sam3xa.o
 .debug_macro   0x0000dccc      0x216 Device_Startup/startup_sam3xa.o
 .debug_macro   0x0000dee2       0x2e Device_Startup/startup_sam3xa.o
 .debug_macro   0x0000df10       0xac Device_Startup/startup_sam3xa.o
 .debug_macro   0x0000dfbc      0x13e Device_Startup/startup_sam3xa.o
 .debug_macro   0x0000e0fa       0x7c Device_Startup/startup_sam3xa.o
 .debug_macro   0x0000e176      0x1f6 Device_Startup/startup_sam3xa.o
 .debug_macro   0x0000e36c       0x64 Device_Startup/startup_sam3xa.o
 .debug_macro   0x0000e3d0       0xa6 Device_Startup/startup_sam3xa.o
 .debug_macro   0x0000e476       0x7c Device_Startup/startup_sam3xa.o
 .debug_macro   0x0000e4f2       0x16 Device_Startup/startup_sam3xa.o
 .debug_macro   0x0000e508       0x22 Device_Startup/startup_sam3xa.o
 .debug_macro   0x0000e52a       0x22 Device_Startup/startup_sam3xa.o
 .debug_macro   0x0000e54c      0x10c Device_Startup/startup_sam3xa.o
 .debug_macro   0x0000e658      0x10c Device_Startup/startup_sam3xa.o
 .debug_macro   0x0000e764      0x10c Device_Startup/startup_sam3xa.o
 .debug_macro   0x0000e870      0x10c Device_Startup/startup_sam3xa.o
 .debug_macro   0x0000e97c       0x1c Device_Startup/startup_sam3xa.o
 .debug_macro   0x0000e998       0x2e Device_Startup/startup_sam3xa.o
 .debug_macro   0x0000e9c6       0x22 Device_Startup/startup_sam3xa.o
 .debug_macro   0x0000e9e8       0x1c Device_Startup/startup_sam3xa.o
 .debug_macro   0x0000ea04       0x58 Device_Startup/startup_sam3xa.o
 .debug_macro   0x0000ea5c       0x10 Device_Startup/startup_sam3xa.o
 .debug_macro   0x0000ea6c      0x27a Device_Startup/startup_sam3xa.o
 .debug_macro   0x0000ece6      0xd34 Device_Startup/startup_sam3xa.o
 .debug_macro   0x0000fa1a      0x170 Device_Startup/startup_sam3xa.o
 .debug_macro   0x0000fb8a      0x383 Device_Startup/system_sam3xa.o
 .debug_macro   0x0000ff0d      0x50e main.o
 .debug_macro   0x0001041b       0x58 main.o
 .debug_macro   0x00010473       0x35 main.o
 .debug_macro   0x000104a8       0x9c main.o
 .debug_macro   0x00010544       0x16 main.o
 .debug_macro   0x0001055a      0x10e main.o
 .debug_macro   0x00010668       0x86 main.o
 .debug_macro   0x000106ee       0x58 main.o
 .debug_macro   0x00010746       0x1f main.o
 .debug_macro   0x00010765       0x43 main.o
 .debug_macro   0x000107a8       0x20 main.o
 .debug_macro   0x000107c8      0x187 main.o
 .debug_macro   0x0001094f      0x34d main.o
 .debug_macro   0x00010c9c       0x16 main.o
 .debug_macro   0x00010cb2       0x29 main.o
 .debug_macro   0x00010cdb       0x1c main.o
 .debug_macro   0x00010cf7       0x35 main.o
 .debug_macro   0x00010d2c       0x10 main.o
 .debug_macro   0x00010d3c       0x10 main.o
 .debug_macro   0x00010d4c       0x1c main.o
 .debug_macro   0x00010d68       0x52 main.o
 .debug_macro   0x00010dba       0x40 main.o
 .debug_macro   0x00010dfa       0x10 main.o
 .debug_macro   0x00010e0a       0x40 main.o
 .debug_macro   0x00010e4a       0xd7 main.o
 .debug_macro   0x00010f21       0x16 main.o
 .debug_macro   0x00010f37      0x18b main.o
 .debug_macro   0x000110c2       0x16 main.o

.debug_line     0x00000000     0x170e
 .debug_line    0x00000000      0x728 Device_Startup/startup_sam3xa.o
 .debug_line    0x00000728      0x785 Device_Startup/system_sam3xa.o
 .debug_line    0x00000ead      0x861 main.o

.debug_str      0x00000000    0x548d1
 .debug_str     0x00000000    0x50302 Device_Startup/startup_sam3xa.o
                              0x504c4 (size before relaxing)
 .debug_str     0x00050302      0x2c7 Device_Startup/system_sam3xa.o
                              0x50257 (size before relaxing)
 .debug_str     0x000505c9     0x4308 main.o
                              0x543b6 (size before relaxing)

.debug_frame    0x00000000      0x260
 .debug_frame   0x00000000       0x38 Device_Startup/startup_sam3xa.o
 .debug_frame   0x00000038       0x40 Device_Startup/system_sam3xa.o
 .debug_frame   0x00000078       0x28 main.o
 .debug_frame   0x000000a0       0x2c c:/program files (x86)/atmel/studio/7.0/toolchain/arm/arm-gnu-toolchain/bin/../lib/gcc/arm-none-eabi/6.3.1/../../../../arm-none-eabi/lib/thumb/v7-m\libc.a(lib_a-init.o)
 .debug_frame   0x000000cc       0x5c c:/program files (x86)/atmel/studio/7.0/toolchain/arm/arm-gnu-toolchain/bin/../lib/gcc/arm-none-eabi/6.3.1/../../../../arm-none-eabi/lib/thumb/v7-m\libc.a(lib_a-__call_atexit.o)
 .debug_frame   0x00000128       0x20 c:/program files (x86)/atmel/studio/7.0/toolchain/arm/arm-gnu-toolchain/bin/../lib/gcc/arm-none-eabi/6.3.1/../../../../arm-none-eabi/lib/thumb/v7-m\libc.a(lib_a-atexit.o)
 .debug_frame   0x00000148       0x34 c:/program files (x86)/atmel/studio/7.0/toolchain/arm/arm-gnu-toolchain/bin/../lib/gcc/arm-none-eabi/6.3.1/../../../../arm-none-eabi/lib/thumb/v7-m\libc.a(lib_a-fini.o)
 .debug_frame   0x0000017c       0xb0 c:/program files (x86)/atmel/studio/7.0/toolchain/arm/arm-gnu-toolchain/bin/../lib/gcc/arm-none-eabi/6.3.1/../../../../arm-none-eabi/lib/thumb/v7-m\libc.a(lib_a-lock.o)
 .debug_frame   0x0000022c       0x34 c:/program files (x86)/atmel/studio/7.0/toolchain/arm/arm-gnu-toolchain/bin/../lib/gcc/arm-none-eabi/6.3.1/../../../../arm-none-eabi/lib/thumb/v7-m\libc.a(lib_a-__atexit.o)
